Component: ARM Compiler 5.06 update 7 (build 960) Tool: armlink [4d3601]

==============================================================================

Section Cross References

    startup_lpc17xx.o(STACK) refers (Special) to heapauxi.o(.text) for __use_two_region_memory
    startup_lpc17xx.o(HEAP) refers (Special) to heapauxi.o(.text) for __use_two_region_memory
    startup_lpc17xx.o(RESET) refers (Special) to heapauxi.o(.text) for __use_two_region_memory
    startup_lpc17xx.o(RESET) refers to startup_lpc17xx.o(STACK) for __initial_sp
    startup_lpc17xx.o(RESET) refers to startup_lpc17xx.o(.text) for Reset_Handler
    startup_lpc17xx.o(RESET) refers to irq_timer.o(.text) for TIMER0_IRQHandler
    startup_lpc17xx.o(RESET) refers to irq_adc.o(.text) for ADC_IRQHandler
    startup_lpc17xx.o(RESET) refers to irq_rit.o(.text) for RIT_IRQHandler
    startup_lpc17xx.o(.ARM.__at_0x02FC) refers (Special) to heapauxi.o(.text) for __use_two_region_memory
    startup_lpc17xx.o(.text) refers (Special) to heapauxi.o(.text) for __use_two_region_memory
    startup_lpc17xx.o(.text) refers to __main.o(!!!main) for __main
    startup_lpc17xx.o(.text) refers to startup_lpc17xx.o(HEAP) for Heap_Mem
    startup_lpc17xx.o(.text) refers to startup_lpc17xx.o(STACK) for Stack_Mem
    sample.o(.text) refers to glcd.o(.text) for LCD_DrawLine
    sample.o(.text) refers to sample.o(.data) for heart
    sample.o(.text) refers to lib_timer.o(.text) for init_timer
    sample.o(.text) refers to irq_timer.o(.data) for Animation
    sample.o(.text) refers to irq_adc.o(.data) for volume
    sample.o(.text) refers to system_lpc17xx.o(.text) for SystemInit
    sample.o(.text) refers to lib_joystick.o(.text) for joystick_init
    sample.o(.text) refers to touchpanel.o(.text) for TP_Init
    sample.o(.text) refers to lib_rit.o(.text) for init_RIT
    sample.o(.text) refers to lib_adc.o(.text) for ADC_init
    system_lpc17xx.o(.text) refers to system_lpc17xx.o(.data) for SystemFrequency
    irq_timer.o(.text) refers to _printf_pad.o(.text) for _printf_pre_padding
    irq_timer.o(.text) refers to _printf_percent.o(.ARM.Collect$$_printf_percent$$00000000) for _printf_percent
    irq_timer.o(.text) refers to _printf_d.o(.ARM.Collect$$_printf_percent$$00000009) for _printf_d
    irq_timer.o(.text) refers to _printf_dec.o(.text) for _printf_int_dec
    irq_timer.o(.text) refers to rt_memclr_w.o(.text) for __aeabi_memclr4
    irq_timer.o(.text) refers to noretval__2sprintf.o(.text) for __2sprintf
    irq_timer.o(.text) refers to glcd.o(.text) for GUI_Text
    irq_timer.o(.text) refers to sample.o(.text) for ClearHeart
    irq_timer.o(.text) refers to lib_timer.o(.text) for disable_timer
    irq_timer.o(.text) refers to irq_timer.o(.data) for seconds
    irq_timer.o(.text) refers to irq_rit.o(.data) for SoundGameOver
    irq_timer.o(.text) refers to sample.o(.data) for status
    irq_timer.o(.text) refers to touchpanel.o(.text) for Read_Ads7846
    irq_timer.o(.text) refers to irq_adc.o(.data) for volume
    irq_timer.o(.text) refers to touchpanel.o(.bss) for matrix
    irq_timer.o(.text) refers to touchpanel.o(.data) for display
    asciilib.o(.text) refers to rt_memcpy_v6.o(.text) for __aeabi_memcpy
    asciilib.o(.text) refers to asciilib.o(.constdata) for AsciiLib
    glcd.o(.text) refers to glcd.o(.data) for LCD_Code
    glcd.o(.text) refers to asciilib.o(.text) for GetASCIICode
    hzlib.o(.text) refers to rt_memcpy_v6.o(.text) for __aeabi_memcpy
    hzlib.o(.text) refers to hzlib.o(.constdata) for HzLib
    touchpanel.o(.text) refers to glcd.o(.text) for LCD_SetPoint
    touchpanel.o(.text) refers to rt_memclr_w.o(.text) for __aeabi_memclr4
    touchpanel.o(.text) refers to dflt_clz.o(x$fpl$dflt) for __aeabi_i2d
    touchpanel.o(.text) refers to deqf.o(x$fpl$deqf) for __aeabi_cdcmpeq
    touchpanel.o(.text) refers to dflt_clz.o(x$fpl$dfltu) for __aeabi_ui2d
    touchpanel.o(.text) refers to dmul.o(x$fpl$dmul) for __aeabi_dmul
    touchpanel.o(.text) refers to daddsub_clz.o(x$fpl$dadd) for __aeabi_dadd
    touchpanel.o(.text) refers to ddiv.o(x$fpl$ddiv) for __aeabi_ddiv
    touchpanel.o(.text) refers to dfixu.o(x$fpl$dfixu) for __aeabi_d2uiz
    touchpanel.o(.text) refers to touchpanel.o(.data) for screen
    touchpanel.o(.text) refers to touchpanel.o(.bss) for ScreenSample
    funct_joystick.o(.text) refers to funct_led.o(.text) for LED_Out
    funct_led.o(.text) refers to funct_led.o(.constdata) for led_mask
    funct_led.o(.text) refers to lib_led.o(.data) for led_value
    lib_led.o(.text) refers to lib_led.o(.data) for led_value
    irq_rit.o(.text) refers to lib_adc.o(.text) for ADC_start_conversion
    irq_rit.o(.text) refers to music.o(.text) for isNotePlaying
    irq_rit.o(.text) refers to sample.o(.text) for draw_select
    irq_rit.o(.text) refers to lib_rit.o(.text) for disable_RIT
    irq_rit.o(.text) refers to irq_rit.o(.data) for SoundSelect
[...]
    __printf_flags_ss_wp.o(.text) refers to _printf_percent.o(.ARM.Collect$$_printf_percent$$00000000) for _printf_percent
    __printf_flags_ss_wp.o(.text) refers to __printf_flags_ss_wp.o(.constdata) for .constdata
    _printf_d.o(.ARM.Collect$$_printf_percent$$00000009) refers (Weak) to _printf_dec.o(.text) for _printf_int_dec
    _printf_percent.o(.ARM.Collect$$_printf_percent$$00000000) refers (Special) to _printf_percent_end.o(.ARM.Collect$$_printf_percent$$00000017) for _printf_percent_end
    rt_memcpy_v6.o(.text) refers to rt_memcpy_w.o(.text) for __aeabi_memcpy4
    __main.o(!!!main) refers to __rtentry.o(.ARM.Collect$$rtentry$$00000000) for __rt_entry
    daddsub_clz.o(x$fpl$dadd) refers (Special) to usenofp.o(x$fpl$usenofp) for __I$use$fp
    daddsub_clz.o(x$fpl$dadd) refers to daddsub_clz.o(x$fpl$dsub) for _dsub1
    daddsub_clz.o(x$fpl$dadd) refers to dretinf.o(x$fpl$dretinf) for __fpl_dretinf
    daddsub_clz.o(x$fpl$dadd) refers to dnaninf.o(x$fpl$dnaninf) for __fpl_dnaninf
    daddsub_clz.o(x$fpl$drsb) refers (Special) to usenofp.o(x$fpl$usenofp) for __I$use$fp
    daddsub_clz.o(x$fpl$drsb) refers to daddsub_clz.o(x$fpl$dadd) for _dadd1
    daddsub_clz.o(x$fpl$drsb) refers to daddsub_clz.o(x$fpl$dsub) for _dsub1
    daddsub_clz.o(x$fpl$dsub) refers (Special) to usenofp.o(x$fpl$usenofp) for __I$use$fp
    daddsub_clz.o(x$fpl$dsub) refers to daddsub_clz.o(x$fpl$dadd) for _dadd1
    daddsub_clz.o(x$fpl$dsub) refers to dnaninf.o(x$fpl$dnaninf) for __fpl_dnaninf
    ddiv.o(x$fpl$drdiv) refers (Special) to usenofp.o(x$fpl$usenofp) for __I$use$fp
    ddiv.o(x$fpl$drdiv) refers to ddiv.o(x$fpl$ddiv) for ddiv_entry
    ddiv.o(x$fpl$ddiv) refers (Special) to usenofp.o(x$fpl$usenofp) for __I$use$fp
    ddiv.o(x$fpl$ddiv) refers to dretinf.o(x$fpl$dretinf) for __fpl_dretinf
    ddiv.o(x$fpl$ddiv) refers to dnaninf.o(x$fpl$dnaninf) for __fpl_dnaninf
    deqf.o(x$fpl$deqf) refers (Special) to usenofp.o(x$fpl$usenofp) for __I$use$fp
    deqf.o(x$fpl$deqf) refers to dnaninf.o(x$fpl$dnaninf) for __fpl_dnaninf
    deqf.o(x$fpl$deqf) refers to dcmpi.o(x$fpl$dcmpinf) for __fpl_dcmp_Inf
    dfixu.o(x$fpl$dfixu) refers (Special) to usenofp.o(x$fpl$usenofp) for __I$use$fp
    dfixu.o(x$fpl$dfixu) refers to dnaninf.o(x$fpl$dnaninf) for __fpl_dnaninf
    dfixu.o(x$fpl$dfixur) refers (Special) to usenofp.o(x$fpl$usenofp) for __I$use$fp
    dfixu.o(x$fpl$dfixur) refers to dnaninf.o(x$fpl$dnaninf) for __fpl_dnaninf
    dflt_clz.o(x$fpl$dfltu) refers (Special) to usenofp.o(x$fpl$usenofp) for __I$use$fp
    dflt_clz.o(x$fpl$dflt) refers (Special) to usenofp.o(x$fpl$usenofp) for __I$use$fp
    dflt_clz.o(x$fpl$dfltn) refers (Special) to usenofp.o(x$fpl$usenofp) for __I$use$fp
    dmul.o(x$fpl$dmul) refers (Special) to usenofp.o(x$fpl$usenofp) for __I$use$fp
    dmul.o(x$fpl$dmul) refers to dretinf.o(x$fpl$dretinf) for __fpl_dretinf
    dmul.o(x$fpl$dmul) refers to dnaninf.o(x$fpl$dnaninf) for __fpl_dnaninf
    __rtentry.o(.ARM.Collect$$rtentry$$00000000) refers (Special) to __rtentry2.o(.ARM.Collect$$rtentry$$0000000A) for __rt_entry_li
    __rtentry.o(.ARM.Collect$$rtentry$$00000000) refers (Special) to __rtentry2.o(.ARM.Collect$$rtentry$$0000000D) for __rt_entry_main
    __rtentry.o(.ARM.Collect$$rtentry$$00000000) refers (Special) to __rtentry2.o(.ARM.Collect$$rtentry$$0000000C) for __rt_entry_postli_1
    __rtentry.o(.ARM.Collect$$rtentry$$00000000) refers (Special) to __rtentry2.o(.ARM.Collect$$rtentry$$00000009) for __rt_entry_postsh_1
    __rtentry.o(.ARM.Collect$$rtentry$$00000000) refers (Special) to __rtentry2.o(.ARM.Collect$$rtentry$$00000002) for __rt_entry_presh_1
    __rtentry.o(.ARM.Collect$$rtentry$$00000000) refers (Special) to __rtentry4.o(.ARM.Collect$$rtentry$$00000004) for __rt_entry_sh
    _printf_intcommon.o(.text) refers (Weak) to _printf_pad.o(.text) for _printf_pre_padding
    _printf_intcommon.o(.text) refers (Weak) to _printf_pad.o(.text) for _printf_pre_padding
    _printf_intcommon.o(.text) refers (Weak) to _printf_pad.o(.text) for _printf_post_padding
    _printf_char_common.o(.text) refers to __printf_flags_wp.o(.text) for __printf
    dcmpi.o(x$fpl$dcmpinf) refers (Special) to usenofp.o(x$fpl$usenofp) for __I$use$fp
    dnaninf.o(x$fpl$dnaninf) refers (Special) to usenofp.o(x$fpl$usenofp) for __I$use$fp
    dretinf.o(x$fpl$dretinf) refers (Special) to usenofp.o(x$fpl$usenofp) for __I$use$fp
    __rtentry2.o(.ARM.Collect$$rtentry$$00000008) refers to boardinit2.o(.text) for _platform_post_stackheap_init
    __rtentry2.o(.ARM.Collect$$rtentry$$0000000A) refers to libinit.o(.ARM.Collect$$libinit$$00000000) for __rt_lib_init
    __rtentry2.o(.ARM.Collect$$rtentry$$0000000B) refers to boardinit3.o(.text) for _platform_post_lib_init
    __rtentry2.o(.ARM.Collect$$rtentry$$0000000D) refers to sample.o(.text) for main
    __rtentry2.o(.ARM.Collect$$rtentry$$0000000D) refers to exit.o(.text) for exit
    __rtentry2.o(.ARM.exidx) refers to __rtentry2.o(.ARM.Collect$$rtentry$$00000001) for .ARM.Collect$$rtentry$$00000001
    __rtentry2.o(.ARM.exidx) refers to __rtentry2.o(.ARM.Collect$$rtentry$$00000008) for .ARM.Collect$$rtentry$$00000008
    __rtentry2.o(.ARM.exidx) refers to __rtentry2.o(.ARM.Collect$$rtentry$$0000000A) for .ARM.Collect$$rtentry$$0000000A
    __rtentry2.o(.ARM.exidx) refers to __rtentry2.o(.ARM.Collect$$rtentry$$0000000B) for .ARM.Collect$$rtentry$$0000000B
    __rtentry2.o(.ARM.exidx) refers to __rtentry2.o(.ARM.Collect$$rtentry$$0000000D) for .ARM.Collect$$rtentry$$0000000D
    __rtentry4.o(.ARM.Collect$$rtentry$$00000004) refers to sys_stackheap_outer.o(.text) for __user_setup_stackheap
    __rtentry4.o(.ARM.exidx) refers to __rtentry4.o(.ARM.Collect$$rtentry$$00000004) for .ARM.Collect$$rtentry$$00000004
    sys_stackheap_outer.o(.text) refers to libspace.o(.text) for __user_perproc_libspace
    sys_stackheap_outer.o(.text) refers to startup_lpc17xx.o(.text) for __user_initial_stackheap
    exit.o(.text) refers to rtexit.o(.ARM.Collect$$rtexit$$00000000) for __rt_exit
    libinit.o(.ARM.Collect$$libinit$$00000000) refers (Special) to libinit2.o(.ARM.Collect$$libinit$$0000002E) for __rt_lib_init_alloca_1
    libinit.o(.ARM.Collect$$libinit$$00000000) refers (Special) to libinit2.o(.ARM.Collect$$libinit$$0000002C) for __rt_lib_init_argv_1
    libinit.o(.ARM.Collect$$libinit$$00000000) refers (Special) to libinit2.o(.ARM.Collect$$libinit$$0000001B) for __rt_lib_init_atexit_1
    libinit.o(.ARM.Collect$$libinit$$00000000) refers (Special) to libinit2.o(.ARM.Collect$$libinit$$00000021) for __rt_lib_init_clock_1
    libinit.o(.ARM.Collect$$libinit$$00000000) refers (Special) to libinit2.o(.ARM.Collect$$libinit$$00000032) for __rt_lib_init_cpp_1
    libinit.o(.ARM.Collect$$libinit$$00000000) refers (Special) to libinit2.o(.ARM.Collect$$libinit$$00000030) for __rt_lib_init_exceptions_1
    libinit.o(.ARM.Collect$$libinit$$00000000) refers (Special) to libinit2.o(.ARM.Collect$$libinit$$00000002) for __rt_lib_init_fp_1
    libinit.o(.ARM.Collect$$libinit$$00000000) refers (Special) to libinit2.o(.ARM.Collect$$libinit$$0000001F) for __rt_lib_init_fp_trap_1
    libinit.o(.ARM.Collect$$libinit$$00000000) refers (Special) to libinit2.o(.ARM.Collect$$libinit$$00000023) for __rt_lib_init_getenv_1
    libinit.o(.ARM.Collect$$libinit$$00000000) refers (Special) to libinit2.o(.ARM.Collect$$libinit$$0000000A) for __rt_lib_init_heap_1
    libinit.o(.ARM.Collect$$libinit$$00000000) refers (Special) to libinit2.o(.ARM.Collect$$libinit$$00000011) for __rt_lib_init_lc_collate_1
    libinit.o(.ARM.Collect$$libinit$$00000000) refers (Special) to libinit2.o(.ARM.Collect$$libinit$$00000013) for __rt_lib_init_lc_ctype_1
    libinit.o(.ARM.Collect$$libinit$$00000000) refers (Special) to libinit2.o(.ARM.Collect$$libinit$$00000015) for __rt_lib_init_lc_monetary_1
    libinit.o(.ARM.Collect$$libinit$$00000000) refers (Special) to libinit2.o(.ARM.Collect$$libinit$$00000017) for __rt_lib_init_lc_numeric_1
    libinit.o(.ARM.Collect$$libinit$$00000000) refers (Special) to libinit2.o(.ARM.Collect$$libinit$$00000019) for __rt_lib_init_lc_time_1
    libinit.o(.ARM.Collect$$libinit$$00000000) refers (Special) to libinit2.o(.ARM.Collect$$libinit$$00000004) for __rt_lib_init_preinit_1
    libinit.o(.ARM.Collect$$libinit$$00000000) refers (Special) to libinit2.o(.ARM.Collect$$libinit$$0000000E) for __rt_lib_init_rand_1
    libinit.o(.ARM.Collect$$libinit$$00000000) refers (Special) to libinit2.o(.ARM.Collect$$libinit$$00000033) for __rt_lib_init_return
    libinit.o(.ARM.Collect$$libinit$$00000000) refers (Special) to libinit2.o(.ARM.Collect$$libinit$$0000001D) for __rt_lib_init_signal_1
    libinit.o(.ARM.Collect$$libinit$$00000000) refers (Special) to libinit2.o(.ARM.Collect$$libinit$$00000025) for __rt_lib_init_stdio_1
    libinit.o(.ARM.Collect$$libinit$$00000000) refers (Special) to libinit2.o(.ARM.Collect$$libinit$$0000000C) for __rt_lib_init_user_alloc_1
    libspace.o(.text) refers to libspace.o(.bss) for __libspace_start
    rtexit.o(.ARM.Collect$$rtexit$$00000000) refers (Special) to rtexit2.o(.ARM.Collect$$rtexit$$00000004) for __rt_exit_exit
    rtexit.o(.ARM.Collect$$rtexit$$00000000) refers (Special) to rtexit2.o(.ARM.Collect$$rtexit$$00000003) for __rt_exit_ls
    rtexit.o(.ARM.Collect$$rtexit$$00000000) refers (Special) to rtexit2.o(.ARM.Collect$$rtexit$$00000002) for __rt_exit_prels_1
    rtexit.o(.ARM.exidx) refers (Special) to rtexit2.o(.ARM.Collect$$rtexit$$00000004) for __rt_exit_exit
    rtexit.o(.ARM.exidx) refers (Special) to rtexit2.o(.ARM.Collect$$rtexit$$00000003) for __rt_exit_ls
    rtexit.o(.ARM.exidx) refers (Special) to rtexit2.o(.ARM.Collect$$rtexit$$00000002) for __rt_exit_prels_1
    rtexit.o(.ARM.exidx) refers to rtexit.o(.ARM.Collect$$rtexit$$00000000) for .ARM.Collect$$rtexit$$00000000
    libinit2.o(.ARM.Collect$$libinit$$00000010) refers to libinit2.o(.ARM.Collect$$libinit$$0000000F) for .ARM.Collect$$libinit$$0000000F
    libinit2.o(.ARM.Collect$$libinit$$00000012) refers to libinit2.o(.ARM.Collect$$libinit$$0000000F) for .ARM.Collect$$libinit$$0000000F
    libinit2.o(.ARM.Collect$$libinit$$00000014) refers to libinit2.o(.ARM.Collect$$libinit$$0000000F) for .ARM.Collect$$libinit$$0000000F
    libinit2.o(.ARM.Collect$$libinit$$00000016) refers to libinit2.o(.ARM.Collect$$libinit$$0000000F) for .ARM.Collect$$libinit$$0000000F
    libinit2.o(.ARM.Collect$$libinit$$00000018) refers to libinit2.o(.ARM.Collect$$libinit$$0000000F) for .ARM.Collect$$libinit$$0000000F
    libinit2.o(.ARM.Collect$$libinit$$00000026) refers to argv_veneer.o(.emb_text) for __ARM_argv_veneer
    libinit2.o(.ARM.Collect$$libinit$$00000027) refers to argv_veneer.o(.emb_text) for __ARM_argv_veneer
    rtexit2.o(.ARM.Collect$$rtexit$$00000003) refers to libshutdown.o(.ARM.Collect$$libshutdown$$00000000) for __rt_lib_shutdown
    rtexit2.o(.ARM.Collect$$rtexit$$00000004) refers to sys_exit.o(.text) for _sys_exit
    rtexit2.o(.ARM.exidx) refers to rtexit2.o(.ARM.Collect$$rtexit$$00000001) for .ARM.Collect$$rtexit$$00000001
    rtexit2.o(.ARM.exidx) refers to rtexit2.o(.ARM.Collect$$rtexit$$00000003) for .ARM.Collect$$rtexit$$00000003
    rtexit2.o(.ARM.exidx) refers to rtexit2.o(.ARM.Collect$$rtexit$$00000004) for .ARM.Collect$$rtexit$$00000004
    argv_veneer.o(.emb_text) refers to no_argv.o(.text) for __ARM_get_argv
    sys_exit.o(.text) refers (Special) to use_no_semi.o(.text) for __I$use$semihosting
    sys_exit.o(.text) refers (Special) to indicate_semi.o(.text) for __semihosting_library_function
    _get_argv_nomalloc.o(.text) refers (Special) to hrguard.o(.text) for __heap_region$guard
    _get_argv_nomalloc.o(.text) refers to defsig_rtmem_outer.o(.text) for __rt_SIGRTMEM
    _get_argv_nomalloc.o(.text) refers to sys_command.o(.text) for _sys_command_string
    libshutdown.o(.ARM.Collect$$libshutdown$$00000000) refers (Special) to libshutdown2.o(.ARM.Collect$$libshutdown$$00000004) for __rt_lib_shutdown_cpp_1
    libshutdown.o(.ARM.Collect$$libshutdown$$00000000) refers (Special) to libshutdown2.o(.ARM.Collect$$libshutdown$$00000002) for __rt_lib_shutdown_fini_1
    libshutdown.o(.ARM.Collect$$libshutdown$$00000000) refers (Special) to libshutdown2.o(.ARM.Collect$$libshutdown$$00000009) for __rt_lib_shutdown_fp_trap_1
    libshutdown.o(.ARM.Collect$$libshutdown$$00000000) refers (Special) to libshutdown2.o(.ARM.Collect$$libshutdown$$00000011) for __rt_lib_shutdown_heap_1
    libshutdown.o(.ARM.Collect$$libshutdown$$00000000) refers (Special) to libshutdown2.o(.ARM.Collect$$libshutdown$$00000012) for __rt_lib_shutdown_return
    libshutdown.o(.ARM.Collect$$libshutdown$$00000000) refers (Special) to libshutdown2.o(.ARM.Collect$$libshutdown$$0000000C) for __rt_lib_shutdown_signal_1
    libshutdown.o(.ARM.Collect$$libshutdown$$00000000) refers (Special) to libshutdown2.o(.ARM.Collect$$libshutdown$$00000006) for __rt_lib_shutdown_stdio_1
    libshutdown.o(.ARM.Collect$$libshutdown$$00000000) refers (Special) to libshutdown2.o(.ARM.Collect$$libshutdown$$0000000E) for __rt_lib_shutdown_user_alloc_1
    sys_command.o(.text) refers (Special) to use_no_semi.o(.text) for __I$use$semihosting
    sys_command.o(.text) refers (Special) to indicate_semi.o(.text) for __semihosting_library_function
    defsig_rtmem_outer.o(.text) refers to defsig_rtmem_inner.o(.text) for __rt_SIGRTMEM_inner
    defsig_rtmem_outer.o(.text) refers to defsig_exit.o(.text) for __sig_exit
    defsig_rtmem_formal.o(.text) refers to rt_raise.o(.text) for __rt_raise
    rt_raise.o(.text) refers to __raise.o(.text) for __raise
    rt_raise.o(.text) refers to sys_exit.o(.text) for _sys_exit
    defsig_exit.o(.text) refers to sys_exit.o(.text) for _sys_exit
    defsig_rtmem_inner.o(.text) refers to defsig_general.o(.text) for __default_signal_display
    __raise.o(.text) refers to defsig.o(CL$$defsig) for __default_signal_handler
    defsig_general.o(.text) refers to sys_wrch.o(.text) for _ttywrch
    sys_wrch.o(.text) refers (Special) to use_no_semi.o(.text) for __I$use$semihosting
    sys_wrch.o(.text) refers (Special) to indicate_semi.o(.text) for __semihosting_library_function
    defsig.o(CL$$defsig) refers to defsig_rtmem_inner.o(.text) for __rt_SIGRTMEM_inner
    defsig_abrt_inner.o(.text) refers to defsig_general.o(.text) for __default_signal_display
    defsig_fpe_inner.o(.text) refers to defsig_general.o(.text) for __default_signal_display
    defsig_rtred_inner.o(.text) refers to defsig_general.o(.text) for __default_signal_display
    defsig_stak_inner.o(.text) refers to defsig_general.o(.text) for __default_signal_display
    defsig_pvfn_inner.o(.text) refers to defsig_general.o(.text) for __default_signal_display
    defsig_cppl_inner.o(.text) refers to defsig_general.o(.text) for __default_signal_display
    defsig_segv_inner.o(.text) refers to defsig_general.o(.text) for __default_signal_display
    defsig_other.o(.text) refers to defsig_general.o(.text) for __default_signal_display


==============================================================================

Removing Unused input sections from the image.

    Removing sample.o(.rev16_text), (4 bytes).
    Removing sample.o(.revsh_text), (4 bytes).
    Removing sample.o(.rrx_text), (6 bytes).
    Removing core_cm3.o(.emb_text), (32 bytes).
    Removing system_lpc17xx.o(.rev16_text), (4 bytes).
    Removing system_lpc17xx.o(.revsh_text), (4 bytes).
    Removing system_lpc17xx.o(.rrx_text), (6 bytes).
    Removing irq_timer.o(.rev16_text), (4 bytes).
    Removing irq_timer.o(.revsh_text), (4 bytes).
    Removing irq_timer.o(.rrx_text), (6 bytes).
    Removing lib_timer.o(.rev16_text), (4 bytes).
    Removing lib_timer.o(.revsh_text), (4 bytes).
    Removing lib_timer.o(.rrx_text), (6 bytes).
    Removing glcd.o(.rev16_text), (4 bytes).
    Removing glcd.o(.revsh_text), (4 bytes).
    Removing glcd.o(.rrx_text), (6 bytes).
    Removing hzlib.o(.text), (52 bytes).
    Removing hzlib.o(.constdata), (216576 bytes).
    Removing touchpanel.o(.rev16_text), (4 bytes).
    Removing touchpanel.o(.revsh_text), (4 bytes).
    Removing touchpanel.o(.rrx_text), (6 bytes).
    Removing funct_joystick.o(.rev16_text), (4 bytes).
    Removing funct_joystick.o(.revsh_text), (4 bytes).
    Removing funct_joystick.o(.rrx_text), (6 bytes).
    Removing funct_joystick.o(.text), (12 bytes).
    Removing lib_joystick.o(.rev16_text), (4 bytes).
    Removing lib_joystick.o(.revsh_text), (4 bytes).
    Removing lib_joystick.o(.rrx_text), (6 bytes).
    Removing funct_led.o(.rev16_text), (4 bytes).
    Removing funct_led.o(.revsh_text), (4 bytes).
    Removing funct_led.o(.rrx_text), (6 bytes).
    Removing funct_led.o(.text), (108 bytes).
    Removing funct_led.o(.constdata), (32 bytes).
    Removing lib_led.o(.rev16_text), (4 bytes).
    Removing lib_led.o(.revsh_text), (4 bytes).
    Removing lib_led.o(.rrx_text), (6 bytes).
    Removing lib_led.o(.text), (64 bytes).
    Removing lib_led.o(.data), (1 bytes).
    Removing irq_rit.o(.rev16_text), (4 bytes).
    Removing irq_rit.o(.revsh_text), (4 bytes).
    Removing irq_rit.o(.rrx_text), (6 bytes).
    Removing lib_rit.o(.rev16_text), (4 bytes).
    Removing lib_rit.o(.revsh_text), (4 bytes).
    Removing lib_rit.o(.rrx_text), (6 bytes).
    Removing irq_adc.o(.rev16_text), (4 bytes).
    Removing irq_adc.o(.revsh_text), (4 bytes).
    Removing irq_adc.o(.rrx_text), (6 bytes).
    Removing irq_adc.o(.constdata), (32 bytes).
    Removing lib_adc.o(.rev16_text), (4 bytes).
    Removing lib_adc.o(.revsh_text), (4 bytes).
    Removing lib_adc.o(.rrx_text), (6 bytes).
    Removing music.o(.rev16_text), (4 bytes).
    Removing music.o(.revsh_text), (4 bytes).
    Removing music.o(.rrx_text), (6 bytes).

54 unused section(s) (total 217119 bytes) removed from the image.

==============================================================================

Image Symbol Table

    Local Symbols

    Symbol Name                              Value     Ov Type        Size  Object(Section)

    RESET                                    0x00000000   Section      204  startup_lpc17xx.o(RESET)
    ../clib/angel/boardlib.s                 0x00000000   Number         0  boardinit1.o ABSOLUTE
    ../clib/angel/boardlib.s                 0x00000000   Number         0  boardinit2.o ABSOLUTE
    ../clib/angel/boardlib.s                 0x00000000   Number         0  boardinit3.o ABSOLUTE
    ../clib/angel/boardlib.s                 0x00000000   Number         0  boardshut.o ABSOLUTE
    ../clib/angel/dclz77c.s                  0x00000000   Number         0  __dclz77c.o ABSOLUTE
    ../clib/angel/handlers.s                 0x00000000   Number         0  __scatter_zi.o ABSOLUTE
    ../clib/angel/kernel.s                   0x00000000   Number         0  __rtentry4.o ABSOLUTE
    ../clib/angel/kernel.s                   0x00000000   Number         0  rtexit.o ABSOLUTE
    ../clib/angel/kernel.s                   0x00000000   Number         0  rtexit2.o ABSOLUTE
    ../clib/angel/kernel.s                   0x00000000   Number         0  __rtentry.o ABSOLUTE
    ../clib/angel/kernel.s                   0x00000000   Number         0  __rtentry2.o ABSOLUTE
    ../clib/angel/rt.s                       0x00000000   Number         0  rt_raise.o ABSOLUTE
    ../clib/angel/scatter.s                  0x00000000   Number         0  __scatter.o ABSOLUTE
    ../clib/angel/startup.s                  0x00000000   Number         0  __main.o ABSOLUTE
    ../clib/angel/sys.s                      0x00000000   Number         0  sys_stackheap_outer.o ABSOLUTE
    ../clib/angel/sys.s                      0x00000000   Number         0  libspace.o ABSOLUTE
    ../clib/angel/sys.s                      0x00000000   Number         0  use_no_semi.o ABSOLUTE
    ../clib/angel/sys.s                      0x00000000   Number         0  indicate_semi.o ABSOLUTE
    ../clib/angel/sysapp.c                   0x00000000   Number         0  sys_wrch.o ABSOLUTE
    ../clib/angel/sysapp.c                   0x00000000   Number         0  sys_exit.o ABSOLUTE
    ../clib/angel/sysapp.c                   0x00000000   Number         0  sys_command.o ABSOLUTE
    ../clib/armsys.c                         0x00000000   Number         0  argv_veneer.o ABSOLUTE
    ../clib/armsys.c                         0x00000000   Number         0  argv_veneer.o ABSOLUTE
    ../clib/armsys.c                         0x00000000   Number         0  _get_argv_nomalloc.o ABSOLUTE
    ../clib/armsys.c                         0x00000000   Number         0  no_argv.o ABSOLUTE
    ../clib/heapalloc.c                      0x00000000   Number         0  hrguard.o ABSOLUTE
    ../clib/heapaux.c                        0x00000000   Number         0  heapauxi.o ABSOLUTE
    ../clib/libinit.s                        0x00000000   Number         0  libinit.o ABSOLUTE
    ../clib/libinit.s                        0x00000000   Number         0  libinit2.o ABSOLUTE
    ../clib/libinit.s                        0x00000000   Number         0  libshutdown2.o ABSOLUTE
    ../clib/libinit.s                        0x00000000   Number         0  libshutdown.o ABSOLUTE
    ../clib/memcpset.s                       0x00000000   Number         0  rt_memcpy_v6.o ABSOLUTE
    ../clib/memcpset.s                       0x00000000   Number         0  rt_memclr_w.o ABSOLUTE
    ../clib/memcpset.s                       0x00000000   Number         0  rt_memcpy_w.o ABSOLUTE
    ../clib/misc.s                           0x00000000   Number         0  printf_stubs.o ABSOLUTE
    ../clib/printf.c                         0x00000000   Number         0  _printf_intcommon.o ABSOLUTE
    ../clib/printf.c                         0x00000000   Number         0  __printf_ss_wp.o ABSOLUTE
    ../clib/printf.c                         0x00000000   Number         0  __printf_flags_ss_wp.o ABSOLUTE
    ../clib/printf.c                         0x00000000   Number         0  _printf_dec.o ABSOLUTE
    ../clib/printf.c                         0x00000000   Number         0  _sputc.o ABSOLUTE
    ../clib/printf.c                         0x00000000   Number         0  __printf_nopercent.o ABSOLUTE
    ../clib/printf.c                         0x00000000   Number         0  _printf_char_common.o ABSOLUTE
    ../clib/printf.c                         0x00000000   Number         0  __2sprintf.o ABSOLUTE
    ../clib/printf.c                         0x00000000   Number         0  noretval__2sprintf.o ABSOLUTE
    ../clib/printf.c                         0x00000000   Number         0  __printf.o ABSOLUTE
    ../clib/printf.c                         0x00000000   Number         0  _printf_pad.o ABSOLUTE
    ../clib/printf.c                         0x00000000   Number         0  __printf_ss.o ABSOLUTE
    ../clib/printf.c                         0x00000000   Number         0  __printf_flags_ss.o ABSOLUTE
    ../clib/printf.c                         0x00000000   Number         0  __printf_wp.o ABSOLUTE
    ../clib/printf.c                         0x00000000   Number         0  __printf_flags_wp.o ABSOLUTE
    ../clib/printf.c                         0x00000000   Number         0  __printf_flags.o ABSOLUTE
    ../clib/printf_percent.s                 0x00000000   Number         0  _printf_d.o ABSOLUTE
    ../clib/printf_percent.s                 0x00000000   Number         0  _printf_percent.o ABSOLUTE
    ../clib/printf_percent.s                 0x00000000   Number         0  _printf_percent_end.o ABSOLUTE
    ../clib/signal.c                         0x00000000   Number         0  defsig_rtmem_inner.o ABSOLUTE
    ../clib/signal.c                         0x00000000   Number         0  defsig_rtred_inner.o ABSOLUTE
    ../clib/signal.c                         0x00000000   Number         0  defsig_pvfn_inner.o ABSOLUTE
    ../clib/signal.c                         0x00000000   Number         0  defsig_abrt_inner.o ABSOLUTE
    ../clib/signal.c                         0x00000000   Number         0  __raise.o ABSOLUTE
    ../clib/signal.c                         0x00000000   Number         0  defsig_general.o ABSOLUTE
    ../clib/signal.c                         0x00000000   Number         0  defsig_cppl_inner.o ABSOLUTE
    ../clib/signal.c                         0x00000000   Number         0  defsig_fpe_inner.o ABSOLUTE
    ../clib/signal.c                         0x00000000   Number         0  defsig_exit.o ABSOLUTE
    ../clib/signal.c                         0x00000000   Number         0  defsig_stak_inner.o ABSOLUTE
    ../clib/signal.c                         0x00000000   Number         0  defsig_other.o ABSOLUTE
    ../clib/signal.c                         0x00000000   Number         0  defsig_segv_inner.o ABSOLUTE
    ../clib/signal.c                         0x00000000   Number         0  defsig_rtmem_outer.o ABSOLUTE
    ../clib/signal.c                         0x00000000   Number         0  defsig_rtmem_formal.o ABSOLUTE
    ../clib/signal.s                         0x00000000   Number         0  defsig.o ABSOLUTE
    ../clib/stdlib.c                         0x00000000   Number         0  exit.o ABSOLUTE
    ../fplib/daddsub.s                       0x00000000   Number         0  daddsub_clz.o ABSOLUTE
    ../fplib/dcmpi.s                         0x00000000   Number         0  dcmpi.o ABSOLUTE
    ../fplib/ddiv.s                          0x00000000   Number         0  ddiv.o ABSOLUTE
    ../fplib/deqf.s                          0x00000000   Number         0  deqf.o ABSOLUTE
    ../fplib/dfixu.s                         0x00000000   Number         0  dfixu.o ABSOLUTE
    ../fplib/dflt.s                          0x00000000   Number         0  dflt_clz.o ABSOLUTE
    ../fplib/dmul.s                          0x00000000   Number         0  dmul.o ABSOLUTE
    ../fplib/dnaninf.s                       0x00000000   Number         0  dnaninf.o ABSOLUTE
    ../fplib/dretinf.s                       0x00000000   Number         0  dretinf.o ABSOLUTE
    ../fplib/fpinit.s                        0x00000000   Number         0  fpinit.o ABSOLUTE
    ../fplib/usenofp.s                       0x00000000   Number         0  usenofp.o ABSOLUTE
    GLCD\AsciiLib.c                          0x00000000   Number         0  asciilib.o ABSOLUTE
    GLCD\GLCD.c                              0x00000000   Number         0  glcd.o ABSOLUTE
    GLCD\HzLib.c                             0x00000000   Number         0  hzlib.o ABSOLUTE
    GLCD\\GLCD.c                             0x00000000   Number         0  glcd.o ABSOLUTE
    RIT\IRQ_RIT.c                            0x00000000   Number         0  irq_rit.o ABSOLUTE
    RIT\\IRQ_RIT.c                           0x00000000   Number         0  irq_rit.o ABSOLUTE
    RIT\\lib_RIT.c                           0x00000000   Number         0  lib_rit.o ABSOLUTE
    RIT\lib_RIT.c                            0x00000000   Number         0  lib_rit.o ABSOLUTE
    TouchPanel\TouchPanel.c                  0x00000000   Number         0  touchpanel.o ABSOLUTE
    TouchPanel\\TouchPanel.c                 0x00000000   Number         0  touchpanel.o ABSOLUTE
    adc\IRQ_adc.c                            0x00000000   Number         0  irq_adc.o ABSOLUTE
    adc\\IRQ_adc.c                           0x00000000   Number         0  irq_adc.o ABSOLUTE
    adc\\lib_adc.c                           0x00000000   Number         0  lib_adc.o ABSOLUTE
    adc\lib_adc.c                            0x00000000   Number         0  lib_adc.o ABSOLUTE
    core_cm3.c                               0x00000000   Number         0  core_cm3.o ABSOLUTE
    core_cm3.c                               0x00000000   Number         0  core_cm3.o ABSOLUTE
    dc.s                                     0x00000000   Number         0  dc.o ABSOLUTE
    joystick\\funct_joystick.c               0x00000000   Number         0  funct_joystick.o ABSOLUTE
    joystick\\lib_joystick.c                 0x00000000   Number         0  lib_joystick.o ABSOLUTE
    joystick\funct_joystick.c                0x00000000   Number         0  funct_joystick.o ABSOLUTE
    joystick\lib_joystick.c                  0x00000000   Number         0  lib_joystick.o ABSOLUTE
    led\\funct_led.c                         0x00000000   Number         0  funct_led.o ABSOLUTE
    led\\lib_led.c                           0x00000000   Number         0  lib_led.o ABSOLUTE
    led\funct_led.c                          0x00000000   Number         0  funct_led.o ABSOLUTE
    led\lib_led.c                            0x00000000   Number         0  lib_led.o ABSOLUTE
    music\\music.c                           0x00000000   Number         0  music.o ABSOLUTE
    music\music.c                            0x00000000   Number         0  music.o ABSOLUTE
    sample.c                                 0x00000000   Number         0  sample.o ABSOLUTE
    sample.c                                 0x00000000   Number         0  sample.o ABSOLUTE
    startup_LPC17xx.s                        0x00000000   Number         0  startup_lpc17xx.o ABSOLUTE
    system_LPC17xx.c                         0x00000000   Number         0  system_lpc17xx.o ABSOLUTE
    system_LPC17xx.c                         0x00000000   Number         0  system_lpc17xx.o ABSOLUTE
    timer\IRQ_timer.c                        0x00000000   Number         0  irq_timer.o ABSOLUTE
    timer\\IRQ_timer.c                       0x00000000   Number         0  irq_timer.o ABSOLUTE
    timer\\lib_timer.c                       0x00000000   Number         0  lib_timer.o ABSOLUTE
    timer\lib_timer.c                        0x00000000   Number         0  lib_timer.o ABSOLUTE
    !!!main                                  0x000000cc   Section        8  __main.o(!!!main)
    !!!scatter                               0x000000d4   Section       52  __scatter.o(!!!scatter)
    !!dclz77c                                0x00000108   Section      100  __dclz77c.o(!!dclz77c)
    !!handler_zi                             0x0000016c   Section       28  __scatter_zi.o(!!handler_zi)
    .ARM.Collect$$_printf_percent$$00000000  0x00000188   Section        0  _printf_percent.o(.ARM.Collect$$_printf_percent$$00000000)
    .ARM.Collect$$_printf_percent$$00000009  0x00000188   Section        6  _printf_d.o(.ARM.Collect$$_printf_percent$$00000009)
    .ARM.Collect$$_printf_percent$$00000017  0x0000018e   Section        4  _printf_percent_end.o(.ARM.Collect$$_printf_percent$$00000017)
    .ARM.Collect$$libinit$$00000000          0x00000192   Section        2  libinit.o(.ARM.Collect$$libinit$$00000000)
    .ARM.Collect$$libinit$$00000002          0x00000194   Section        0  libinit2.o(.ARM.Collect$$libinit$$00000002)
    .ARM.Collect$$libinit$$00000004          0x00000194   Section        0  libinit2.o(.ARM.Collect$$libinit$$00000004)
    .ARM.Collect$$libinit$$0000000A          0x00000194   Section        0  libinit2.o(.ARM.Collect$$libinit$$0000000A)
    .ARM.Collect$$libinit$$0000000C          0x00000194   Section        0  libinit2.o(.ARM.Collect$$libinit$$0000000C)
    .ARM.Collect$$libinit$$0000000E          0x00000194   Section        0  libinit2.o(.ARM.Collect$$libinit$$0000000E)
    .ARM.Collect$$libinit$$00000011          0x00000194   Section        0  libinit2.o(.ARM.Collect$$libinit$$00000011)
    .ARM.Collect$$libinit$$00000013          0x00000194   Section        0  libinit2.o(.ARM.Collect$$libinit$$00000013)
    .ARM.Collect$$libinit$$00000015          0x00000194   Section        0  libinit2.o(.ARM.Collect$$libinit$$00000015)
    .ARM.Collect$$libinit$$00000017          0x00000194   Section        0  libinit2.o(.ARM.Collect$$libinit$$00000017)
    .ARM.Collect$$libinit$$00000019          0x00000194   Section        0  libinit2.o(.ARM.Collect$$libinit$$00000019)
    .ARM.Collect$$libinit$$0000001B          0x00000194   Section        0  libinit2.o(.ARM.Collect$$libinit$$0000001B)
    .ARM.Collect$$libinit$$0000001D          0x00000194   Section        0  libinit2.o(.ARM.Collect$$libinit$$0000001D)
    .ARM.Collect$$libinit$$0000001F          0x00000194   Section        0  libinit2.o(.ARM.Collect$$libinit$$0000001F)
    .ARM.Collect$$libinit$$00000021          0x00000194   Section        0  libinit2.o(.ARM.Collect$$libinit$$00000021)
    .ARM.Collect$$libinit$$00000023          0x00000194   Section        0  libinit2.o(.ARM.Collect$$libinit$$00000023)
    .ARM.Collect$$libinit$$00000025          0x00000194   Section        0  libinit2.o(.ARM.Collect$$libinit$$00000025)
    .ARM.Collect$$libinit$$0000002C          0x00000194   Section        0  libinit2.o(.ARM.Collect$$libinit$$0000002C)
    .ARM.Collect$$libinit$$0000002E          0x00000194   Section        0  libinit2.o(.ARM.Collect$$libinit$$0000002E)
    .ARM.Collect$$libinit$$00000030          0x00000194   Section        0  libinit2.o(.ARM.Collect$$libinit$$00000030)
    .ARM.Collect$$libinit$$00000032          0x00000194   Section        0  libinit2.o(.ARM.Collect$$libinit$$00000032)
    .ARM.Collect$$libinit$$00000033          0x00000194   Section        2  libinit2.o(.ARM.Collect$$libinit$$00000033)
    .ARM.Collect$$libshutdown$$00000000      0x00000196   Section        2  libshutdown.o(.ARM.Collect$$libshutdown$$00000000)
    .ARM.Collect$$libshutdown$$00000002      0x00000198   Section        0  libshutdown2.o(.ARM.Collect$$libshutdown$$00000002)
    .ARM.Collect$$libshutdown$$00000004      0x00000198   Section        0  libshutdown2.o(.ARM.Collect$$libshutdown$$00000004)
    .ARM.Collect$$libshutdown$$00000006      0x00000198   Section        0  libshutdown2.o(.ARM.Collect$$libshutdown$$00000006)
    .ARM.Collect$$libshutdown$$00000009      0x00000198   Section        0  libshutdown2.o(.ARM.Collect$$libshutdown$$00000009)
    .ARM.Collect$$libshutdown$$0000000C      0x00000198   Section        0  libshutdown2.o(.ARM.Collect$$libshutdown$$0000000C)
    .ARM.Collect$$libshutdown$$0000000E      0x00000198   Section        0  libshutdown2.o(.ARM.Collect$$libshutdown$$0000000E)
    .ARM.Collect$$libshutdown$$00000011      0x00000198   Section        0  libshutdown2.o(.ARM.Collect$$libshutdown$$00000011)
    .ARM.Collect$$libshutdown$$00000012      0x00000198   Section        2  libshutdown2.o(.ARM.Collect$$libshutdown$$00000012)
    .ARM.Collect$$rtentry$$00000000          0x0000019a   Section        0  __rtentry.o(.ARM.Collect$$rtentry$$00000000)
    .ARM.Collect$$rtentry$$00000002          0x0000019a   Section        0  __rtentry2.o(.ARM.Collect$$rtentry$$00000002)
    .ARM.Collect$$rtentry$$00000004          0x0000019a   Section        6  __rtentry4.o(.ARM.Collect$$rtentry$$00000004)
    .ARM.Collect$$rtentry$$00000009          0x000001a0   Section        0  __rtentry2.o(.ARM.Collect$$rtentry$$00000009)
    .ARM.Collect$$rtentry$$0000000A          0x000001a0   Section        4  __rtentry2.o(.ARM.Collect$$rtentry$$0000000A)
    .ARM.Collect$$rtentry$$0000000C          0x000001a4   Section        0  __rtentry2.o(.ARM.Collect$$rtentry$$0000000C)
    .ARM.Collect$$rtentry$$0000000D          0x000001a4   Section        8  __rtentry2.o(.ARM.Collect$$rtentry$$0000000D)
    .ARM.Collect$$rtexit$$00000000           0x000001ac   Section        2  rtexit.o(.ARM.Collect$$rtexit$$00000000)
    .ARM.Collect$$rtexit$$00000002           0x000001ae   Section        0  rtexit2.o(.ARM.Collect$$rtexit$$00000002)
    .ARM.Collect$$rtexit$$00000003           0x000001ae   Section        4  rtexit2.o(.ARM.Collect$$rtexit$$00000003)
    .ARM.Collect$$rtexit$$00000004           0x000001b2   Section        6  rtexit2.o(.ARM.Collect$$rtexit$$00000004)
    .text                                    0x000001b8   Section       52  startup_lpc17xx.o(.text)
    .text                                    0x000001ec   Section        0  asciilib.o(.text)
    .text                                    0x0000020c   Section        0  lib_joystick.o(.text)
    .text                                    0x00000290   Section        0  irq_adc.o(.text)
    .text                                    0x000002e0   Section        0  heapauxi.o(.text)
    .text                                    0x000002e6   Section        0  _sputc.o(.text)
    .text                                    0x000002f0   Section        8  libspace.o(.text)
    .text                                    0x000002f8   Section        2  use_no_semi.o(.text)
    .text                                    0x000002fa   Section        0  indicate_semi.o(.text)
    x$fpl$usenofp                            0x000002fa   Section        0  usenofp.o(x$fpl$usenofp)
    .ARM.__at_0x02FC                         0x000002fc   Section        4  startup_lpc17xx.o(.ARM.__at_0x02FC)
    .text                                    0x00000300   Section        0  sample.o(.text)
    .text                                    0x00001394   Section        0  system_lpc17xx.o(.text)
    .text                                    0x000015e0   Section        0  irq_timer.o(.text)
    .text                                    0x00001cc0   Section        0  lib_timer.o(.text)
    __NVIC_EnableIRQ                         0x00001cc1   Thumb Code    34  lib_timer.o(.text)
    __NVIC_SetPriority                       0x00001ce3   Thumb Code    32  lib_timer.o(.text)
    .text                                    0x00001fc8   Section        0  glcd.o(.text)
    LCD_Configuration                        0x00001fc9   Thumb Code    20  glcd.o(.text)
    wait_delay                               0x00001fdd   Thumb Code    12  glcd.o(.text)
    LCD_SetCursor                            0x00001fe9   Thumb Code  1356  glcd.o(.text)
    delay_ms                                 0x00002535   Thumb Code    30  glcd.o(.text)
    LCD_BGR2RGB                              0x00005a31   Thumb Code    26  glcd.o(.text)
    .text                                    0x000060ac   Section        0  touchpanel.o(.text)
    ADS7843_SPI_Init                         0x000060bd   Thumb Code   128  touchpanel.o(.text)
    DelayUS                                  0x0000615b   Thumb Code    28  touchpanel.o(.text)
    WR_CMD                                   0x00006177   Thumb Code    56  touchpanel.o(.text)
    RD_AD                                    0x000061af   Thumb Code    42  touchpanel.o(.text)
    .text                                    0x00006a2c   Section        0  irq_rit.o(.text)
    .text                                    0x00006c6c   Section        0  lib_rit.o(.text)
    .text                                    0x00006d00   Section        0  lib_adc.o(.text)
    .text                                    0x00006d98   Section        0  music.o(.text)
    .text                                    0x00006dfc   Section        0  noretval__2sprintf.o(.text)
    .text                                    0x00006e24   Section        0  _printf_pad.o(.text)
    .text                                    0x00006e74   Section        0  _printf_dec.o(.text)
    .text                                    0x00006eec   Section        0  __printf_flags_wp.o(.text)
    .text                                    0x00007024   Section      138  rt_memcpy_v6.o(.text)
    .text                                    0x000070ae   Section       78  rt_memclr_w.o(.text)
    .text                                    0x000070fc   Section        0  _printf_intcommon.o(.text)
    .text                                    0x000071b0   Section        0  _printf_char_common.o(.text)
    _printf_input_char                       0x000071b1   Thumb Code    10  _printf_char_common.o(.text)
    .text                                    0x000071e0   Section      100  rt_memcpy_w.o(.text)
    .text                                    0x00007244   Section       74  sys_stackheap_outer.o(.text)
    .text                                    0x0000728e   Section        0  exit.o(.text)
    .text                                    0x000072a0   Section        0  sys_exit.o(.text)
    i._is_digit                              0x000072ac   Section        0  __printf_wp.o(i._is_digit)
    x$fpl$dadd                               0x000072bc   Section      336  daddsub_clz.o(x$fpl$dadd)
    _dadd1                                   0x000072cd   Thumb Code     0  daddsub_clz.o(x$fpl$dadd)
    x$fpl$dcmpinf                            0x0000740c   Section       24  dcmpi.o(x$fpl$dcmpinf)
    x$fpl$ddiv                               0x00007424   Section      688  ddiv.o(x$fpl$ddiv)
    ddiv_entry                               0x0000742b   Thumb Code     0  ddiv.o(x$fpl$ddiv)
    x$fpl$deqf                               0x000076d4   Section      120  deqf.o(x$fpl$deqf)
    x$fpl$dfixu                              0x0000774c   Section       90  dfixu.o(x$fpl$dfixu)
    x$fpl$dflt                               0x000077a6   Section       46  dflt_clz.o(x$fpl$dflt)
    x$fpl$dfltu                              0x000077d4   Section       38  dflt_clz.o(x$fpl$dfltu)
    x$fpl$dmul                               0x000077fc   Section      340  dmul.o(x$fpl$dmul)
    x$fpl$dnaninf                            0x00007950   Section      156  dnaninf.o(x$fpl$dnaninf)
    x$fpl$dretinf                            0x000079ec   Section       12  dretinf.o(x$fpl$dretinf)
    x$fpl$dsub                               0x000079f8   Section      468  daddsub_clz.o(x$fpl$dsub)
    _dsub1                                   0x00007a09   Thumb Code     0  daddsub_clz.o(x$fpl$dsub)
    .constdata                               0x00007bcc   Section     1520  asciilib.o(.constdata)
    AsciiLib                                 0x00007bcc   Data        1520  asciilib.o(.constdata)
    .constdata                               0x000081bc   Section       17  __printf_flags_wp.o(.constdata)
    maptable                                 0x000081bc   Data          17  __printf_flags_wp.o(.constdata)
    .data                                    0x10000000   Section     2740  sample.o(.data)
    .data                                    0x2007c000   Section        5  system_lpc17xx.o(.data)
    .data                                    0x2007c008   Section      124  irq_timer.o(.data)
    seconds                                  0x2007c070   Data           4  irq_timer.o(.data)
    minutes                                  0x2007c074   Data           4  irq_timer.o(.data)
    hours                                    0x2007c078   Data           4  irq_timer.o(.data)
    sineticks                                0x2007c07c   Data           4  irq_timer.o(.data)
    currentValue                             0x2007c080   Data           4  irq_timer.o(.data)
    .data                                    0x2007c084   Section        1  glcd.o(.data)
    LCD_Code                                 0x2007c084   Data           1  glcd.o(.data)
    .data                                    0x2007c086   Section       20  touchpanel.o(.data)
    screen                                   0x2007c096   Data           4  touchpanel.o(.data)
    .data                                    0x2007c09c   Section      772  irq_rit.o(.data)
    currentNote                              0x2007c378   Data           4  irq_rit.o(.data)
    ticks                                    0x2007c37c   Data           4  irq_rit.o(.data)
    currentNote1                             0x2007c380   Data           4  irq_rit.o(.data)
    ticks1                                   0x2007c384   Data           4  irq_rit.o(.data)
    currentNote2                             0x2007c388   Data           4  irq_rit.o(.data)
    ticks2                                   0x2007c38c   Data           4  irq_rit.o(.data)
    currentNote3                             0x2007c390   Data           4  irq_rit.o(.data)
    ticks3                                   0x2007c394   Data           4  irq_rit.o(.data)
    selected                                 0x2007c398   Data           4  irq_rit.o(.data)
    SoundSelect                              0x2007c39c   Data           4  irq_rit.o(.data)
    .data                                    0x2007c3a0   Section        8  irq_adc.o(.data)
    .bss                                     0x2007c3a8   Section       68  touchpanel.o(.bss)
    .bss                                     0x2007c3ec   Section       96  libspace.o(.bss)
    HEAP                                     0x2007c450   Section        0  startup_lpc17xx.o(HEAP)
    STACK                                    0x2007c450   Section      512  startup_lpc17xx.o(STACK)
    Heap_Mem                                 0x2007c450   Data           0  startup_lpc17xx.o(HEAP)
    Stack_Mem                                0x2007c450   Data         512  startup_lpc17xx.o(STACK)
    __initial_sp                             0x2007c650   Data           0  startup_lpc17xx.o(STACK)

    Global Symbols

    Symbol Name                              Value     Ov Type        Size  Object(Section)

    BuildAttributes$$THM_ISAv4$P$D$K$B$S$PE$A:L22UL41UL21$X:L11$S22US41US21$IEEE1$IW$USESV6$~STKCKD$USESV7$~SHL$OSPACE$ROPI$EBA8$UX$STANDARDLIB$REQ8$PRES8$EABIv2 0x00000000   Number         0  anon$$obj.o ABSOLUTE
    __ARM_use_no_argv                        0x00000000   Number         0  sample.o ABSOLUTE
    __Vectors                                0x00000000   Data           4  startup_lpc17xx.o(RESET)
    _printf_flags                            0x00000000   Number         0  printf_stubs.o ABSOLUTE
    _printf_return_value                     0x00000000   Number         0  printf_stubs.o ABSOLUTE
    _printf_sizespec                         0x00000000   Number         0  printf_stubs.o ABSOLUTE
    _printf_widthprec                        0x00000000   Number         0  printf_stubs.o ABSOLUTE
    __ARM_exceptions_init                     - Undefined Weak Reference
    __alloca_initialize                       - Undefined Weak Reference
    __arm_fini_                               - Undefined Weak Reference
    __arm_preinit_                            - Undefined Weak Reference
    __cpp_initialize__aeabi_                  - Undefined Weak Reference
    __cxa_finalize                            - Undefined Weak Reference
    __rt_locale                               - Undefined Weak Reference
    __sigvec_lookup                           - Undefined Weak Reference
    _atexit_init                              - Undefined Weak Reference
    _call_atexit_fns                          - Undefined Weak Reference
    _clock_init                               - Undefined Weak Reference
    _fp_trap_init                             - Undefined Weak Reference
    _fp_trap_shutdown                         - Undefined Weak Reference
    _get_lc_collate                           - Undefined Weak Reference
    _get_lc_ctype                             - Undefined Weak Reference
    _get_lc_monetary                          - Undefined Weak Reference
    _get_lc_numeric                           - Undefined Weak Reference
    _get_lc_time                              - Undefined Weak Reference
    _getenv_init                              - Undefined Weak Reference
    _handle_redirection                       - Undefined Weak Reference
    _init_alloc                               - Undefined Weak Reference
    _init_user_alloc                          - Undefined Weak Reference
    _initio                                   - Undefined Weak Reference
    _printf_truncate_signed                   - Undefined Weak Reference
    _printf_truncate_unsigned                 - Undefined Weak Reference
    _rand_init                                - Undefined Weak Reference
    _signal_finish                            - Undefined Weak Reference
    _signal_init                              - Undefined Weak Reference
    _terminate_alloc                          - Undefined Weak Reference
    _terminate_user_alloc                     - Undefined Weak Reference
    _terminateio                              - Undefined Weak Reference
    __main                                   0x000000cd   Thumb Code     8  __main.o(!!!main)
    __scatterload                            0x000000d5   Thumb Code     0  __scatter.o(!!!scatter)
    __scatterload_rt2                        0x000000d5   Thumb Code    44  __scatter.o(!!!scatter)
    __scatterload_rt2_thumb_only             0x000000d5   Thumb Code     0  __scatter.o(!!!scatter)
    __scatterload_null                       0x000000e3   Thumb Code     0  __scatter.o(!!!scatter)
    __decompress                             0x00000109   Thumb Code   100  __dclz77c.o(!!dclz77c)
    __decompress2                            0x00000109   Thumb Code     0  __dclz77c.o(!!dclz77c)
    __scatterload_zeroinit                   0x0000016d   Thumb Code    28  __scatter_zi.o(!!handler_zi)
    _printf_d                                0x00000189   Thumb Code     0  _printf_d.o(.ARM.Collect$$_printf_percent$$00000009)
    _printf_percent                          0x00000189   Thumb Code     0  _printf_percent.o(.ARM.Collect$$_printf_percent$$00000000)
    _printf_percent_end                      0x0000018f   Thumb Code     0  _printf_percent_end.o(.ARM.Collect$$_printf_percent$$00000017)
    __rt_lib_init                            0x00000193   Thumb Code     0  libinit.o(.ARM.Collect$$libinit$$00000000)
    __rt_lib_init_alloca_1                   0x00000195   Thumb Code     0  libinit2.o(.ARM.Collect$$libinit$$0000002E)
    __rt_lib_init_argv_1                     0x00000195   Thumb Code     0  libinit2.o(.ARM.Collect$$libinit$$0000002C)
    __rt_lib_init_atexit_1                   0x00000195   Thumb Code     0  libinit2.o(.ARM.Collect$$libinit$$0000001B)
    __rt_lib_init_clock_1                    0x00000195   Thumb Code     0  libinit2.o(.ARM.Collect$$libinit$$00000021)
    __rt_lib_init_cpp_1                      0x00000195   Thumb Code     0  libinit2.o(.ARM.Collect$$libinit$$00000032)
    __rt_lib_init_exceptions_1               0x00000195   Thumb Code     0  libinit2.o(.ARM.Collect$$libinit$$00000030)
    __rt_lib_init_fp_1                       0x00000195   Thumb Code     0  libinit2.o(.ARM.Collect$$libinit$$00000002)
    __rt_lib_init_fp_trap_1                  0x00000195   Thumb Code     0  libinit2.o(.ARM.Collect$$libinit$$0000001F)
    __rt_lib_init_getenv_1                   0x00000195   Thumb Code     0  libinit2.o(.ARM.Collect$$libinit$$00000023)
    __rt_lib_init_heap_1                     0x00000195   Thumb Code     0  libinit2.o(.ARM.Collect$$libinit$$0000000A)
    __rt_lib_init_lc_collate_1               0x00000195   Thumb Code     0  libinit2.o(.ARM.Collect$$libinit$$00000011)
    __rt_lib_init_lc_ctype_1                 0x00000195   Thumb Code     0  libinit2.o(.ARM.Collect$$libinit$$00000013)
    __rt_lib_init_lc_monetary_1              0x00000195   Thumb Code     0  libinit2.o(.ARM.Collect$$libinit$$00000015)
    __rt_lib_init_lc_numeric_1               0x00000195   Thumb Code     0  libinit2.o(.ARM.Collect$$libinit$$00000017)
    __rt_lib_init_lc_time_1                  0x00000195   Thumb Code     0  libinit2.o(.ARM.Collect$$libinit$$00000019)
    __rt_lib_init_preinit_1                  0x00000195   Thumb Code     0  libinit2.o(.ARM.Collect$$libinit$$00000004)
    __rt_lib_init_rand_1                     0x00000195   Thumb Code     0  libinit2.o(.ARM.Collect$$libinit$$0000000E)
    __rt_lib_init_return                     0x00000195   Thumb Code     0  libinit2.o(.ARM.Collect$$libinit$$00000033)
    __rt_lib_init_signal_1                   0x00000195   Thumb Code     0  libinit2.o(.ARM.Collect$$libinit$$0000001D)
    __rt_lib_init_stdio_1                    0x00000195   Thumb Code     0  libinit2.o(.ARM.Collect$$libinit$$00000025)
    __rt_lib_init_user_alloc_1               0x00000195   Thumb Code     0  libinit2.o(.ARM.Collect$$libinit$$0000000C)
    __rt_lib_shutdown                        0x00000197   Thumb Code     0  libshutdown.o(.ARM.Collect$$libshutdown$$00000000)
    __rt_lib_shutdown_cpp_1                  0x00000199   Thumb Code     0  libshutdown2.o(.ARM.Collect$$libshutdown$$00000004)
    __rt_lib_shutdown_fini_1                 0x00000199   Thumb Code     0  libshutdown2.o(.ARM.Collect$$libshutdown$$00000002)
    __rt_lib_shutdown_fp_trap_1              0x00000199   Thumb Code     0  libshutdown2.o(.ARM.Collect$$libshutdown$$00000009)
    __rt_lib_shutdown_heap_1                 0x00000199   Thumb Code     0  libshutdown2.o(.ARM.Collect$$libshutdown$$00000011)
    __rt_lib_shutdown_return                 0x00000199   Thumb Code     0  libshutdown2.o(.ARM.Collect$$libshutdown$$00000012)
    __rt_lib_shutdown_signal_1               0x00000199   Thumb Code     0  libshutdown2.o(.ARM.Collect$$libshutdown$$0000000C)
    __rt_lib_shutdown_stdio_1                0x00000199   Thumb Code     0  libshutdown2.o(.ARM.Collect$$libshutdown$$00000006)
    __rt_lib_shutdown_user_alloc_1           0x00000199   Thumb Code     0  libshutdown2.o(.ARM.Collect$$libshutdown$$0000000E)
    __rt_entry                               0x0000019b   Thumb Code     0  __rtentry.o(.ARM.Collect$$rtentry$$00000000)
    __rt_entry_presh_1                       0x0000019b   Thumb Code     0  __rtentry2.o(.ARM.Collect$$rtentry$$00000002)
    __rt_entry_sh                            0x0000019b   Thumb Code     0  __rtentry4.o(.ARM.Collect$$rtentry$$00000004)
    __rt_entry_li                            0x000001a1   Thumb Code     0  __rtentry2.o(.ARM.Collect$$rtentry$$0000000A)
    __rt_entry_postsh_1                      0x000001a1   Thumb Code     0  __rtentry2.o(.ARM.Collect$$rtentry$$00000009)
    __rt_entry_main                          0x000001a5   Thumb Code     0  __rtentry2.o(.ARM.Collect$$rtentry$$0000000D)
    __rt_entry_postli_1                      0x000001a5   Thumb Code     0  __rtentry2.o(.ARM.Collect$$rtentry$$0000000C)
    __rt_exit                                0x000001ad   Thumb Code     0  rtexit.o(.ARM.Collect$$rtexit$$00000000)
    __rt_exit_ls                             0x000001af   Thumb Code     0  rtexit2.o(.ARM.Collect$$rtexit$$00000003)
    __rt_exit_prels_1                        0x000001af   Thumb Code     0  rtexit2.o(.ARM.Collect$$rtexit$$00000002)
    __rt_exit_exit                           0x000001b3   Thumb Code     0  rtexit2.o(.ARM.Collect$$rtexit$$00000004)
    Reset_Handler                            0x000001b9   Thumb Code     4  startup_lpc17xx.o(.text)
    NMI_Handler                              0x000001bd   Thumb Code     2  startup_lpc17xx.o(.text)
    HardFault_Handler                        0x000001bf   Thumb Code     2  startup_lpc17xx.o(.text)
    MemManage_Handler                        0x000001c1   Thumb Code     2  startup_lpc17xx.o(.text)
    BusFault_Handler                         0x000001c3   Thumb Code     2  startup_lpc17xx.o(.text)
    UsageFault_Handler                       0x000001c5   Thumb Code     2  startup_lpc17xx.o(.text)
    SVC_Handler                              0x000001c7   Thumb Code     2  startup_lpc17xx.o(.text)
    DebugMon_Handler                         0x000001c9   Thumb Code     2  startup_lpc17xx.o(.text)
    PendSV_Handler                           0x000001cb   Thumb Code     2  startup_lpc17xx.o(.text)
    SysTick_Handler                          0x000001cd   Thumb Code     2  startup_lpc17xx.o(.text)
    BOD_IRQHandler                           0x000001cf   Thumb Code     0  startup_lpc17xx.o(.text)
    CANActivity_IRQHandler                   0x000001cf   Thumb Code     0  startup_lpc17xx.o(.text)
    CAN_IRQHandler                           0x000001cf   Thumb Code     0  startup_lpc17xx.o(.text)
    DMA_IRQHandler                           0x000001cf   Thumb Code     0  startup_lpc17xx.o(.text)
    EINT0_IRQHandler                         0x000001cf   Thumb Code     0  startup_lpc17xx.o(.text)
    EINT1_IRQHandler                         0x000001cf   Thumb Code     0  startup_lpc17xx.o(.text)
    EINT2_IRQHandler                         0x000001cf   Thumb Code     0  startup_lpc17xx.o(.text)
    EINT3_IRQHandler                         0x000001cf   Thumb Code     0  startup_lpc17xx.o(.text)
    ENET_IRQHandler                          0x000001cf   Thumb Code     0  startup_lpc17xx.o(.text)
    I2C0_IRQHandler                          0x000001cf   Thumb Code     0  startup_lpc17xx.o(.text)
    I2C1_IRQHandler                          0x000001cf   Thumb Code     0  startup_lpc17xx.o(.text)
    I2C2_IRQHandler                          0x000001cf   Thumb Code     0  startup_lpc17xx.o(.text)
    I2S_IRQHandler                           0x000001cf   Thumb Code     0  startup_lpc17xx.o(.text)
    MCPWM_IRQHandler                         0x000001cf   Thumb Code     0  startup_lpc17xx.o(.text)
    PLL0_IRQHandler                          0x000001cf   Thumb Code     0  startup_lpc17xx.o(.text)
    PLL1_IRQHandler                          0x000001cf   Thumb Code     0  startup_lpc17xx.o(.text)
    PWM1_IRQHandler                          0x000001cf   Thumb Code     0  startup_lpc17xx.o(.text)
    QEI_IRQHandler                           0x000001cf   Thumb Code     0  startup_lpc17xx.o(.text)
    RTC_IRQHandler                           0x000001cf   Thumb Code     0  startup_lpc17xx.o(.text)
    SPI_IRQHandler                           0x000001cf   Thumb Code     0  startup_lpc17xx.o(.text)
    SSP0_IRQHandler                          0x000001cf   Thumb Code     0  startup_lpc17xx.o(.text)
    SSP1_IRQHandler                          0x000001cf   Thumb Code     0  startup_lpc17xx.o(.text)
    UART0_IRQHandler                         0x000001cf   Thumb Code     0  startup_lpc17xx.o(.text)
    UART1_IRQHandler                         0x000001cf   Thumb Code     0  startup_lpc17xx.o(.text)
    UART2_IRQHandler                         0x000001cf   Thumb Code     0  startup_lpc17xx.o(.text)
    UART3_IRQHandler                         0x000001cf   Thumb Code     0  startup_lpc17xx.o(.text)
    USBActivity_IRQHandler                   0x000001cf   Thumb Code     0  startup_lpc17xx.o(.text)
    USB_IRQHandler                           0x000001cf   Thumb Code     0  startup_lpc17xx.o(.text)
    WDT_IRQHandler                           0x000001cf   Thumb Code     0  startup_lpc17xx.o(.text)
    __user_initial_stackheap                 0x000001d1   Thumb Code     0  startup_lpc17xx.o(.text)
    GetASCIICode                             0x000001ed   Thumb Code    26  asciilib.o(.text)
    joystick_init                            0x0000020d   Thumb Code   122  lib_joystick.o(.text)
    ADC_IRQHandler                           0x00000291   Thumb Code    62  irq_adc.o(.text)
    __use_two_region_memory                  0x000002e1   Thumb Code     2  heapauxi.o(.text)
    __rt_heap_escrow$2region                 0x000002e3   Thumb Code     2  heapauxi.o(.text)
    __rt_heap_expand$2region                 0x000002e5   Thumb Code     2  heapauxi.o(.text)
    _sputc                                   0x000002e7   Thumb Code    10  _sputc.o(.text)
    __user_libspace                          0x000002f1   Thumb Code     8  libspace.o(.text)
    __user_perproc_libspace                  0x000002f1   Thumb Code     0  libspace.o(.text)
    __user_perthread_libspace                0x000002f1   Thumb Code     0  libspace.o(.text)
    __I$use$semihosting                      0x000002f9   Thumb Code     0  use_no_semi.o(.text)
    __use_no_semihosting_swi                 0x000002f9   Thumb Code     2  use_no_semi.o(.text)
    __I$use$fp                               0x000002fa   Number         0  usenofp.o(x$fpl$usenofp)
    __semihosting_library_function           0x000002fb   Thumb Code     0  indicate_semi.o(.text)
    DrawRectangle                            0x00000301   Thumb Code   106  sample.o(.text)
    DrawRectangleSmall                       0x0000036b   Thumb Code    66  sample.o(.text)
    DrawHappiness                            0x000003ad   Thumb Code   224  sample.o(.text)
    DrawSatiety                              0x0000048d   Thumb Code   634  sample.o(.text)
    DrawBird                                 0x00000707   Thumb Code   354  sample.o(.text)
    ClearBird                                0x00000869   Thumb Code   556  sample.o(.text)
    ClearHeart                               0x00000a95   Thumb Code   104  sample.o(.text)
    ClearCherry                              0x00000afd   Thumb Code   104  sample.o(.text)
    draw_select                              0x00000b65   Thumb Code   186  sample.o(.text)
    DrawSnack                                0x00000c1f   Thumb Code    70  sample.o(.text)
    ClearSnack                               0x00000c65   Thumb Code    34  sample.o(.text)
    DrawMeal                                 0x00000c87   Thumb Code    70  sample.o(.text)
    ClearMenu                                0x00000ccd   Thumb Code    38  sample.o(.text)
    Reset                                    0x00000cf3   Thumb Code   110  sample.o(.text)
    AnimationOut                             0x00000d61   Thumb Code   232  sample.o(.text)
    DrawHeartCuddles                         0x00000e49   Thumb Code   110  sample.o(.text)
    DrawHeartCuddles2                        0x00000eb7   Thumb Code    46  sample.o(.text)
    openEyes                                 0x00000ee5   Thumb Code   162  sample.o(.text)
    ClearHeartCuddles                        0x00000f87   Thumb Code   106  sample.o(.text)
    DrawVolume                               0x00000ff1   Thumb Code   676  sample.o(.text)
    main                                     0x00001295   Thumb Code   232  sample.o(.text)
    SystemInit                               0x00001395   Thumb Code   552  system_lpc17xx.o(.text)
    TIMER0_IRQHandler                        0x000015e1   Thumb Code  1514  irq_timer.o(.text)
    TIMER1_IRQHandler                        0x00001bcb   Thumb Code    66  irq_timer.o(.text)
    TIMER2_IRQHandler                        0x00001c0d   Thumb Code    96  irq_timer.o(.text)
    TIMER3_IRQHandler                        0x00001c6d   Thumb Code    16  irq_timer.o(.text)
    enable_timer                             0x00001d03   Thumb Code    44  lib_timer.o(.text)
    disable_timer                            0x00001d2f   Thumb Code    44  lib_timer.o(.text)
    reset_timer                              0x00001d5b   Thumb Code    62  lib_timer.o(.text)
    init_timer                               0x00001d99   Thumb Code   540  lib_timer.o(.text)
    LCD_Initialization                       0x00002553   Thumb Code 12014  glcd.o(.text)
    LCD_Clear                                0x00005441   Thumb Code  1520  glcd.o(.text)
    LCD_GetPoint                             0x00005a4b   Thumb Code   994  glcd.o(.text)
    LCD_SetPoint                             0x00005e2d   Thumb Code   206  glcd.o(.text)
    LCD_DrawLine                             0x00005efb   Thumb Code   250  glcd.o(.text)
    PutChar                                  0x00005ff5   Thumb Code   100  glcd.o(.text)
    GUI_Text                                 0x00006059   Thumb Code    80  glcd.o(.text)
    LPC17xx_SPI_SetSpeed                     0x000060ad   Thumb Code    16  touchpanel.o(.text)
    TP_Init                                  0x0000613d   Thumb Code    30  touchpanel.o(.text)
    Read_X                                   0x000061d9   Thumb Code    42  touchpanel.o(.text)
    Read_Y                                   0x00006203   Thumb Code    42  touchpanel.o(.text)
    TP_GetAdXY                               0x0000622d   Thumb Code    34  touchpanel.o(.text)
    TP_DrawPoint                             0x0000624f   Thumb Code    20  touchpanel.o(.text)
    DrawCross                                0x00006263   Thumb Code   356  touchpanel.o(.text)
    DeleteCross                              0x000063c7   Thumb Code   350  touchpanel.o(.text)
    Read_Ads7846                             0x00006525   Thumb Code   502  touchpanel.o(.text)
    setCalibrationMatrix                     0x0000671b   Thumb Code   356  touchpanel.o(.text)
    getDisplayPoint                          0x0000687f   Thumb Code   262  touchpanel.o(.text)
    TouchPanel_Calibrate                     0x00006985   Thumb Code   120  touchpanel.o(.text)
    RIT_IRQHandler                           0x00006a2d   Thumb Code   496  irq_rit.o(.text)
    enable_RIT                               0x00006c6d   Thumb Code    14  lib_rit.o(.text)
    disable_RIT                              0x00006c7b   Thumb Code    14  lib_rit.o(.text)
    reset_RIT                                0x00006c89   Thumb Code     8  lib_rit.o(.text)
    init_RIT                                 0x00006c91   Thumb Code    98  lib_rit.o(.text)
    ADC_init                                 0x00006d01   Thumb Code   112  lib_adc.o(.text)
    ADC_start_conversion                     0x00006d71   Thumb Code    14  lib_adc.o(.text)
    playNote                                 0x00006d99   Thumb Code    70  music.o(.text)
    isNotePlaying                            0x00006ddf   Thumb Code    20  music.o(.text)
    __2sprintf                               0x00006dfd   Thumb Code    34  noretval__2sprintf.o(.text)
    _printf_pre_padding                      0x00006e25   Thumb Code    44  _printf_pad.o(.text)
    _printf_post_padding                     0x00006e51   Thumb Code    34  _printf_pad.o(.text)
    _printf_int_dec                          0x00006e75   Thumb Code   104  _printf_dec.o(.text)
    __printf                                 0x00006eed   Thumb Code   308  __printf_flags_wp.o(.text)
    __aeabi_memcpy                           0x00007025   Thumb Code     0  rt_memcpy_v6.o(.text)
    __rt_memcpy                              0x00007025   Thumb Code   138  rt_memcpy_v6.o(.text)
    _memcpy_lastbytes                        0x0000708b   Thumb Code     0  rt_memcpy_v6.o(.text)
    __aeabi_memclr4                          0x000070af   Thumb Code     0  rt_memclr_w.o(.text)
    __aeabi_memclr8                          0x000070af   Thumb Code     0  rt_memclr_w.o(.text)
    __rt_memclr_w                            0x000070af   Thumb Code    78  rt_memclr_w.o(.text)
    _memset_w                                0x000070b3   Thumb Code     0  rt_memclr_w.o(.text)
    _printf_int_common                       0x000070fd   Thumb Code   178  _printf_intcommon.o(.text)
    _printf_char_common                      0x000071bb   Thumb Code    32  _printf_char_common.o(.text)
    __aeabi_memcpy4                          0x000071e1   Thumb Code     0  rt_memcpy_w.o(.text)
    __aeabi_memcpy8                          0x000071e1   Thumb Code     0  rt_memcpy_w.o(.text)
    __rt_memcpy_w                            0x000071e1   Thumb Code   100  rt_memcpy_w.o(.text)
    _memcpy_lastbytes_aligned                0x00007229   Thumb Code     0  rt_memcpy_w.o(.text)
    __user_setup_stackheap                   0x00007245   Thumb Code    74  sys_stackheap_outer.o(.text)
    exit                                     0x0000728f   Thumb Code    18  exit.o(.text)
    _sys_exit                                0x000072a1   Thumb Code     8  sys_exit.o(.text)
    _is_digit                                0x000072ad   Thumb Code    14  __printf_wp.o(i._is_digit)
    __aeabi_dadd                             0x000072bd   Thumb Code     0  daddsub_clz.o(x$fpl$dadd)
    _dadd                                    0x000072bd   Thumb Code   332  daddsub_clz.o(x$fpl$dadd)
    __fpl_dcmp_Inf                           0x0000740d   Thumb Code    24  dcmpi.o(x$fpl$dcmpinf)
    __aeabi_ddiv                             0x00007425   Thumb Code     0  ddiv.o(x$fpl$ddiv)
    _ddiv                                    0x00007425   Thumb Code   552  ddiv.o(x$fpl$ddiv)
    __aeabi_cdcmpeq                          0x000076d5   Thumb Code     0  deqf.o(x$fpl$deqf)
    _dcmpeq                                  0x000076d5   Thumb Code   120  deqf.o(x$fpl$deqf)
    __aeabi_d2uiz                            0x0000774d   Thumb Code     0  dfixu.o(x$fpl$dfixu)
    _dfixu                                   0x0000774d   Thumb Code    90  dfixu.o(x$fpl$dfixu)
    __aeabi_i2d                              0x000077a7   Thumb Code     0  dflt_clz.o(x$fpl$dflt)
    _dflt                                    0x000077a7   Thumb Code    46  dflt_clz.o(x$fpl$dflt)
    __aeabi_ui2d                             0x000077d5   Thumb Code     0  dflt_clz.o(x$fpl$dfltu)
    _dfltu                                   0x000077d5   Thumb Code    38  dflt_clz.o(x$fpl$dfltu)
    __aeabi_dmul                             0x000077fd   Thumb Code     0  dmul.o(x$fpl$dmul)
    _dmul                                    0x000077fd   Thumb Code   332  dmul.o(x$fpl$dmul)
    __fpl_dnaninf                            0x00007951   Thumb Code   156  dnaninf.o(x$fpl$dnaninf)
    __fpl_dretinf                            0x000079ed   Thumb Code    12  dretinf.o(x$fpl$dretinf)
    __aeabi_dsub                             0x000079f9   Thumb Code     0  daddsub_clz.o(x$fpl$dsub)
    _dsub                                    0x000079f9   Thumb Code   464  daddsub_clz.o(x$fpl$dsub)
    Region$$Table$$Base                      0x000081d0   Number         0  anon$$obj.o(Region$$Table)
    Region$$Table$$Limit                     0x00008200   Number         0  anon$$obj.o(Region$$Table)
    status                                   0x10000000   Data           4  sample.o(.data)
    blue                                     0x10000004   Data          32  sample.o(.data)
    black                                    0x10000024   Data         288  sample.o(.data)
    black2                                   0x10000144   Data         216  sample.o(.data)
    yellow                                   0x1000021c   Data          80  sample.o(.data)
    yellow2                                  0x1000026c   Data          64  sample.o(.data)
    red                                      0x100002ac   Data         224  sample.o(.data)
    red2                                     0x1000038c   Data         168  sample.o(.data)
    white                                    0x10000434   Data          88  sample.o(.data)
    aniBlack                                 0x1000048c   Data         160  sample.o(.data)
    aniYellow                                0x1000052c   Data         160  sample.o(.data)
    heart                                    0x100005cc   Data         216  sample.o(.data)
    cherryb                                  0x100006a4   Data          24  sample.o(.data)
    cherryg                                  0x100006bc   Data          40  sample.o(.data)
    cherryr                                  0x100006e4   Data         136  sample.o(.data)
    snackr                                   0x1000076c   Data         144  sample.o(.data)
    snackg                                   0x100007fc   Data          80  sample.o(.data)
    mealr                                    0x1000084c   Data         288  sample.o(.data)
    mealg                                    0x1000096c   Data          32  sample.o(.data)
    vol                                      0x1000098c   Data         176  sample.o(.data)
    eyes                                     0x10000a3c   Data         120  sample.o(.data)
    SystemFrequency                          0x2007c000   Data           4  system_lpc17xx.o(.data)
    ScaleFlag                                0x2007c004   Data           1  system_lpc17xx.o(.data)
    heart1                                   0x2007c008   Data           4  irq_timer.o(.data)
    cherry                                   0x2007c00c   Data           4  irq_timer.o(.data)
    Animation                                0x2007c010   Data           4  irq_timer.o(.data)
    SinTable                                 0x2007c014   Data          90  irq_timer.o(.data)
    display                                  0x2007c086   Data           4  touchpanel.o(.data)
    DisplaySample                            0x2007c08a   Data          12  touchpanel.o(.data)
    SoundMealSnack                           0x2007c09c   Data           4  irq_rit.o(.data)
    SoundGameOver                            0x2007c0a0   Data           4  irq_rit.o(.data)
    SoundCuddles                             0x2007c0a4   Data           4  irq_rit.o(.data)
    select                                   0x2007c0a8   Data          24  irq_rit.o(.data)
    mealsnack                                0x2007c0c0   Data          48  irq_rit.o(.data)
    GameOver                                 0x2007c0f0   Data          72  irq_rit.o(.data)
    Cuddles                                  0x2007c138   Data         192  irq_rit.o(.data)
    song                                     0x2007c1f8   Data         384  irq_rit.o(.data)
    AD_current                               0x2007c3a0   Data           2  irq_adc.o(.data)
    AD_last                                  0x2007c3a2   Data           2  irq_adc.o(.data)
    volume                                   0x2007c3a4   Data           4  irq_adc.o(.data)
    matrix                                   0x2007c3a8   Data          56  touchpanel.o(.bss)
    ScreenSample                             0x2007c3e0   Data          12  touchpanel.o(.bss)
    __libspace_start                         0x2007c3ec   Data          96  libspace.o(.bss)
    __temporary_stack_top$libspace           0x2007c44c   Data           0  libspace.o(.bss)



==============================================================================

Memory Map of the image

  Image Entry point : 0x000000cd

  Load Region LR_IROM1 (Base: 0x00000000, Size: 0x0000905c, Max: 0x00080000, ABSOLUTE, COMPRESSED[0x00008670])

    Execution Region ER_IROM1 (Exec base: 0x00000000, Load base: 0x00000000, Size: 0x00008200, Max: 0x00080000, ABSOLUTE)

    Exec Addr    Load Addr    Size         Type   Attr      Idx    E Section Name        Object

    0x00000000   0x00000000   0x000000cc   Data   RO            3    RESET               startup_lpc17xx.o
    0x000000cc   0x000000cc   0x00000008   Code   RO          619  * !!!main             c_w.l(__main.o)
    0x000000d4   0x000000d4   0x00000034   Code   RO          822    !!!scatter          c_w.l(__scatter.o)
    0x00000108   0x00000108   0x00000064   Code   RO          820    !!dclz77c           c_w.l(__dclz77c.o)
    0x0000016c   0x0000016c   0x0000001c   Code   RO          824    !!handler_zi        c_w.l(__scatter_zi.o)
    0x00000188   0x00000188   0x00000000   Code   RO          612    .ARM.Collect$$_printf_percent$$00000000  c_w.l(_printf_percent.o)
    0x00000188   0x00000188   0x00000006   Code   RO          611    .ARM.Collect$$_printf_percent$$00000009  c_w.l(_printf_d.o)
    0x0000018e   0x0000018e   0x00000004   Code   RO          652    .ARM.Collect$$_printf_percent$$00000017  c_w.l(_printf_percent_end.o)
    0x00000192   0x00000192   0x00000002   Code   RO          688    .ARM.Collect$$libinit$$00000000  c_w.l(libinit.o)
    0x00000194   0x00000194   0x00000000   Code   RO          695    .ARM.Collect$$libinit$$00000002  c_w.l(libinit2.o)
    0x00000194   0x00000194   0x00000000   Code   RO          697    .ARM.Collect$$libinit$$00000004  c_w.l(libinit2.o)
    0x00000194   0x00000194   0x00000000   Code   RO          700    .ARM.Collect$$libinit$$0000000A  c_w.l(libinit2.o)
    0x00000194   0x00000194   0x00000000   Code   RO          702    .ARM.Collect$$libinit$$0000000C  c_w.l(libinit2.o)
    0x00000194   0x00000194   0x00000000   Code   RO          704    .ARM.Collect$$libinit$$0000000E  c_w.l(libinit2.o)
    0x00000194   0x00000194   0x00000000   Code   RO          707    .ARM.Collect$$libinit$$00000011  c_w.l(libinit2.o)
    0x00000194   0x00000194   0x00000000   Code   RO          709    .ARM.Collect$$libinit$$00000013  c_w.l(libinit2.o)
    0x00000194   0x00000194   0x00000000   Code   RO          711    .ARM.Collect$$libinit$$00000015  c_w.l(libinit2.o)
    0x00000194   0x00000194   0x00000000   Code   RO          713    .ARM.Collect$$libinit$$00000017  c_w.l(libinit2.o)
    0x00000194   0x00000194   0x00000000   Code   RO          715    .ARM.Collect$$libinit$$00000019  c_w.l(libinit2.o)
    0x00000194   0x00000194   0x00000000   Code   RO          717    .ARM.Collect$$libinit$$0000001B  c_w.l(libinit2.o)
    0x00000194   0x00000194   0x00000000   Code   RO          719    .ARM.Collect$$libinit$$0000001D  c_w.l(libinit2.o)
    0x00000194   0x00000194   0x00000000   Code   RO          721    .ARM.Collect$$libinit$$0000001F  c_w.l(libinit2.o)
    0x00000194   0x00000194   0x00000000   Code   RO          723    .ARM.Collect$$libinit$$00000021  c_w.l(libinit2.o)
    0x00000194   0x00000194   0x00000000   Code   RO          725    .ARM.Collect$$libinit$$00000023  c_w.l(libinit2.o)
    0x00000194   0x00000194   0x00000000   Code   RO          727    .ARM.Collect$$libinit$$00000025  c_w.l(libinit2.o)
    0x00000194   0x00000194   0x00000000   Code   RO          731    .ARM.Collect$$libinit$$0000002C  c_w.l(libinit2.o)
    0x00000194   0x00000194   0x00000000   Code   RO          733    .ARM.Collect$$libinit$$0000002E  c_w.l(libinit2.o)
    0x00000194   0x00000194   0x00000000   Code   RO          735    .ARM.Collect$$libinit$$00000030  c_w.l(libinit2.o)
    0x00000194   0x00000194   0x00000000   Code   RO          737    .ARM.Collect$$libinit$$00000032  c_w.l(libinit2.o)
    0x00000194   0x00000194   0x00000002   Code   RO          738    .ARM.Collect$$libinit$$00000033  c_w.l(libinit2.o)
    0x00000196   0x00000196   0x00000002   Code   RO          758    .ARM.Collect$$libshutdown$$00000000  c_w.l(libshutdown.o)
    0x00000198   0x00000198   0x00000000   Code   RO          771    .ARM.Collect$$libshutdown$$00000002  c_w.l(libshutdown2.o)
    0x00000198   0x00000198   0x00000000   Code   RO          773    .ARM.Collect$$libshutdown$$00000004  c_w.l(libshutdown2.o)
    0x00000198   0x00000198   0x00000000   Code   RO          775    .ARM.Collect$$libshutdown$$00000006  c_w.l(libshutdown2.o)
    0x00000198   0x00000198   0x00000000   Code   RO          778    .ARM.Collect$$libshutdown$$00000009  c_w.l(libshutdown2.o)
    0x00000198   0x00000198   0x00000000   Code   RO          781    .ARM.Collect$$libshutdown$$0000000C  c_w.l(libshutdown2.o)
    0x00000198   0x00000198   0x00000000   Code   RO          783    .ARM.Collect$$libshutdown$$0000000E  c_w.l(libshutdown2.o)
    0x00000198   0x00000198   0x00000000   Code   RO          786    .ARM.Collect$$libshutdown$$00000011  c_w.l(libshutdown2.o)
    0x00000198   0x00000198   0x00000002   Code   RO          787    .ARM.Collect$$libshutdown$$00000012  c_w.l(libshutdown2.o)
    0x0000019a   0x0000019a   0x00000000   Code   RO          645    .ARM.Collect$$rtentry$$00000000  c_w.l(__rtentry.o)
    0x0000019a   0x0000019a   0x00000000   Code   RO          663    .ARM.Collect$$rtentry$$00000002  c_w.l(__rtentry2.o)
    0x0000019a   0x0000019a   0x00000006   Code   RO          675    .ARM.Collect$$rtentry$$00000004  c_w.l(__rtentry4.o)
    0x000001a0   0x000001a0   0x00000000   Code   RO          665    .ARM.Collect$$rtentry$$00000009  c_w.l(__rtentry2.o)
    0x000001a0   0x000001a0   0x00000004   Code   RO          666    .ARM.Collect$$rtentry$$0000000A  c_w.l(__rtentry2.o)
    0x000001a4   0x000001a4   0x00000000   Code   RO          668    .ARM.Collect$$rtentry$$0000000C  c_w.l(__rtentry2.o)
    0x000001a4   0x000001a4   0x00000008   Code   RO          669    .ARM.Collect$$rtentry$$0000000D  c_w.l(__rtentry2.o)
    0x000001ac   0x000001ac   0x00000002   Code   RO          692    .ARM.Collect$$rtexit$$00000000  c_w.l(rtexit.o)
    0x000001ae   0x000001ae   0x00000000   Code   RO          740    .ARM.Collect$$rtexit$$00000002  c_w.l(rtexit2.o)
    0x000001ae   0x000001ae   0x00000004   Code   RO          741    .ARM.Collect$$rtexit$$00000003  c_w.l(rtexit2.o)
    0x000001b2   0x000001b2   0x00000006   Code   RO          742    .ARM.Collect$$rtexit$$00000004  c_w.l(rtexit2.o)
    0x000001b8   0x000001b8   0x00000034   Code   RO            5    .text               startup_lpc17xx.o
    0x000001ec   0x000001ec   0x00000020   Code   RO          213    .text               asciilib.o
    0x0000020c   0x0000020c   0x00000084   Code   RO          337    .text               lib_joystick.o
    0x00000290   0x00000290   0x00000050   Code   RO          487    .text               irq_adc.o
    0x000002e0   0x000002e0   0x00000006   Code   RO          617    .text               c_w.l(heapauxi.o)
    0x000002e6   0x000002e6   0x0000000a   Code   RO          650    .text               c_w.l(_sputc.o)
    0x000002f0   0x000002f0   0x00000008   Code   RO          689    .text               c_w.l(libspace.o)
    0x000002f8   0x000002f8   0x00000002   Code   RO          761    .text               c_w.l(use_no_semi.o)
    0x000002fa   0x000002fa   0x00000000   Code   RO          763    .text               c_w.l(indicate_semi.o)
    0x000002fa   0x000002fa   0x00000000   Code   RO          661    x$fpl$usenofp       fz_ws.l(usenofp.o)
    0x000002fa   0x000002fa   0x00000002   PAD
    0x000002fc   0x000002fc   0x00000004   Code   RO            4    .ARM.__at_0x02FC    startup_lpc17xx.o
    0x00000300   0x00000300   0x00001094   Code   RO           16    .text               sample.o
    0x00001394   0x00001394   0x0000024c   Code   RO          110    .text               system_lpc17xx.o
    0x000015e0   0x000015e0   0x000006e0   Code   RO          137    .text               irq_timer.o
    0x00001cc0   0x00001cc0   0x00000308   Code   RO          188    .text               lib_timer.o
    0x00001fc8   0x00001fc8   0x000040e4   Code   RO          233    .text               glcd.o
    0x000060ac   0x000060ac   0x00000980   Code   RO          279    .text               touchpanel.o
    0x00006a2c   0x00006a2c   0x00000240   Code   RO          416    .text               irq_rit.o
    0x00006c6c   0x00006c6c   0x00000094   Code   RO          459    .text               lib_rit.o
    0x00006d00   0x00006d00   0x00000098   Code   RO          524    .text               lib_adc.o
    0x00006d98   0x00006d98   0x00000064   Code   RO          552    .text               music.o
    0x00006dfc   0x00006dfc   0x00000028   Code   RO          583    .text               c_w.l(noretval__2sprintf.o)
    0x00006e24   0x00006e24   0x0000004e   Code   RO          587    .text               c_w.l(_printf_pad.o)
    0x00006e72   0x00006e72   0x00000002   PAD
    0x00006e74   0x00006e74   0x00000078   Code   RO          589    .text               c_w.l(_printf_dec.o)
    0x00006eec   0x00006eec   0x00000138   Code   RO          603    .text               c_w.l(__printf_flags_wp.o)
    0x00007024   0x00007024   0x0000008a   Code   RO          613    .text               c_w.l(rt_memcpy_v6.o)
    0x000070ae   0x000070ae   0x0000004e   Code   RO          615    .text               c_w.l(rt_memclr_w.o)
    0x000070fc   0x000070fc   0x000000b2   Code   RO          646    .text               c_w.l(_printf_intcommon.o)
    0x000071ae   0x000071ae   0x00000002   PAD
    0x000071b0   0x000071b0   0x00000030   Code   RO          648    .text               c_w.l(_printf_char_common.o)
    0x000071e0   0x000071e0   0x00000064   Code   RO          653    .text               c_w.l(rt_memcpy_w.o)
    0x00007244   0x00007244   0x0000004a   Code   RO          679    .text               c_w.l(sys_stackheap_outer.o)
    0x0000728e   0x0000728e   0x00000012   Code   RO          681    .text               c_w.l(exit.o)
    0x000072a0   0x000072a0   0x0000000c   Code   RO          750    .text               c_w.l(sys_exit.o)
    0x000072ac   0x000072ac   0x0000000e   Code   RO          601    i._is_digit         c_w.l(__printf_wp.o)
    0x000072ba   0x000072ba   0x00000002   PAD
    0x000072bc   0x000072bc   0x00000150   Code   RO          621    x$fpl$dadd          fz_ws.l(daddsub_clz.o)
    0x0000740c   0x0000740c   0x00000018   Code   RO          655    x$fpl$dcmpinf       fz_ws.l(dcmpi.o)
    0x00007424   0x00007424   0x000002b0   Code   RO          628    x$fpl$ddiv          fz_ws.l(ddiv.o)
    0x000076d4   0x000076d4   0x00000078   Code   RO          631    x$fpl$deqf          fz_ws.l(deqf.o)
    0x0000774c   0x0000774c   0x0000005a   Code   RO          633    x$fpl$dfixu         fz_ws.l(dfixu.o)
    0x000077a6   0x000077a6   0x0000002e   Code   RO          638    x$fpl$dflt          fz_ws.l(dflt_clz.o)
    0x000077d4   0x000077d4   0x00000026   Code   RO          637    x$fpl$dfltu         fz_ws.l(dflt_clz.o)
    0x000077fa   0x000077fa   0x00000002   PAD
    0x000077fc   0x000077fc   0x00000154   Code   RO          643    x$fpl$dmul          fz_ws.l(dmul.o)
    0x00007950   0x00007950   0x0000009c   Code   RO          657    x$fpl$dnaninf       fz_ws.l(dnaninf.o)
    0x000079ec   0x000079ec   0x0000000c   Code   RO          659    x$fpl$dretinf       fz_ws.l(dretinf.o)
    0x000079f8   0x000079f8   0x000001d4   Code   RO          623    x$fpl$dsub          fz_ws.l(daddsub_clz.o)
    0x00007bcc   0x00007bcc   0x000005f0   Data   RO          214    .constdata          asciilib.o
    0x000081bc   0x000081bc   0x00000011   Data   RO          604    .constdata          c_w.l(__printf_flags_wp.o)
    0x000081cd   0x000081cd   0x00000003   PAD
    0x000081d0   0x000081d0   0x00000030   Data   RO          818    Region$$Table       anon$$obj.o


    Execution Region RW_IRAM1 (Exec base: 0x10000000, Load base: 0x00008200, Size: 0x00000ab4, Max: 0x00008000, ABSOLUTE, COMPRESSED[0x00000370])

    Exec Addr    Load Addr    Size         Type   Attr      Idx    E Section Name        Object

    0x10000000   COMPRESSED   0x00000ab4   Data   RW           17    .data               sample.o


    Execution Region RW_IRAM2 (Exec base: 0x2007c000, Load base: 0x00008570, Size: 0x00000650, Max: 0x00008000, ABSOLUTE, COMPRESSED[0x00000100])

    Exec Addr    Load Addr    Size         Type   Attr      Idx    E Section Name        Object

    0x2007c000   COMPRESSED   0x00000005   Data   RW          111    .data               system_lpc17xx.o
    0x2007c005   COMPRESSED   0x00000003   PAD
    0x2007c008   COMPRESSED   0x0000007c   Data   RW          138    .data               irq_timer.o
    0x2007c084   COMPRESSED   0x00000001   Data   RW          234    .data               glcd.o
    0x2007c085   COMPRESSED   0x00000001   PAD
    0x2007c086   COMPRESSED   0x00000014   Data   RW          281    .data               touchpanel.o
    0x2007c09a   COMPRESSED   0x00000002   PAD
    0x2007c09c   COMPRESSED   0x00000304   Data   RW          417    .data               irq_rit.o
    0x2007c3a0   COMPRESSED   0x00000008   Data   RW          489    .data               irq_adc.o
    0x2007c3a8        -       0x00000044   Zero   RW          280    .bss                touchpanel.o
    0x2007c3ec        -       0x00000060   Zero   RW          690    .bss                c_w.l(libspace.o)
    0x2007c44c   COMPRESSED   0x00000004   PAD
    0x2007c450        -       0x00000000   Zero   RW            2    HEAP                startup_lpc17xx.o
    0x2007c450        -       0x00000200   Zero   RW            1    STACK               startup_lpc17xx.o


==============================================================================

Image component sizes


      Code (inc. data)   RO Data    RW Data    ZI Data      Debug   Object Name

        32          6       1520          0          0       1171   asciilib.o
     16612        104          0          1          0      40235   glcd.o
        80         18          0          8          0       1363   irq_adc.o
       576         80          0        772          0       3001   irq_rit.o
      1760        148          0        124          0      20274   irq_timer.o
       152         26          0          0          0      27419   lib_adc.o
       132         10          0          0          0        524   lib_joystick.o
       148         14          0          0          0      27539   lib_rit.o
       776         20          0          0          0       2172   lib_timer.o
       100         10          0          0          0       1529   music.o
      4244        164          0       2740          0      12138   sample.o
        56         22        204          0        512       1104   startup_lpc17xx.o
       588         36          0          5          0       1001   system_lpc17xx.o
      2432         72          0         20         68       6386   touchpanel.o

    ----------------------------------------------------------------------
     27688        730       1772       3676        580     145856   Object Totals
         0          0         48          0          0          0   (incl. Generated)
         0          0          0          6          0          0   (incl. Padding)

    ----------------------------------------------------------------------

      Code (inc. data)   RO Data    RW Data    ZI Data      Debug   Library Member Name

       100          0          0          0          0          0   __dclz77c.o
         8          0          0          0          0         68   __main.o
       312          4         17          0          0         92   __printf_flags_wp.o
        14          0          0          0          0         68   __printf_wp.o
         0          0          0          0          0          0   __rtentry.o
        12          0          0          0          0          0   __rtentry2.o
         6          0          0          0          0          0   __rtentry4.o
        52          8          0          0          0          0   __scatter.o
        28          0          0          0          0          0   __scatter_zi.o
        48          6          0          0          0         96   _printf_char_common.o
         6          0          0          0          0          0   _printf_d.o
       120         16          0          0          0         92   _printf_dec.o
       178          0          0          0          0         88   _printf_intcommon.o
        78          0          0          0          0        108   _printf_pad.o
         0          0          0          0          0          0   _printf_percent.o
         4          0          0          0          0          0   _printf_percent_end.o
        10          0          0          0          0         68   _sputc.o
        18          0          0          0          0         80   exit.o
         6          0          0          0          0        152   heapauxi.o
         0          0          0          0          0          0   indicate_semi.o
         2          0          0          0          0          0   libinit.o
         2          0          0          0          0          0   libinit2.o
         2          0          0          0          0          0   libshutdown.o
         2          0          0          0          0          0   libshutdown2.o
         8          4          0          0         96         68   libspace.o
        40          6          0          0          0         84   noretval__2sprintf.o
        78          0          0          0          0         80   rt_memclr_w.o
       138          0          0          0          0         68   rt_memcpy_v6.o
       100          0          0          0          0         80   rt_memcpy_w.o
         2          0          0          0          0          0   rtexit.o
        10          0          0          0          0          0   rtexit2.o
        12          4          0          0          0         68   sys_exit.o
        74          0          0          0          0         80   sys_stackheap_outer.o
         2          0          0          0          0         68   use_no_semi.o
       804         16          0          0          0        272   daddsub_clz.o
        24          0          0          0          0         68   dcmpi.o
       688        140          0          0          0        208   ddiv.o
       120          4          0          0          0         92   deqf.o
        90          4          0          0          0         92   dfixu.o
        84          0          0          0          0        136   dflt_clz.o
       340         12          0          0          0        104   dmul.o
       156          4          0          0          0         92   dnaninf.o
        12          0          0          0          0         68   dretinf.o
         0          0          0          0          0          0   usenofp.o

    ----------------------------------------------------------------------
      3800        228         20          0        100       2640   Library Totals
        10          0          3          0          4          0   (incl. Padding)

    ----------------------------------------------------------------------

      Code (inc. data)   RO Data    RW Data    ZI Data      Debug   Library Name

      1472         48         17          0         96       1508   c_w.l
      2318        180          0          0          0       1132   fz_ws.l

    ----------------------------------------------------------------------
      3800        228         20          0        100       2640   Library Totals

    ----------------------------------------------------------------------

==============================================================================


      Code (inc. data)   RO Data    RW Data    ZI Data      Debug   

     31488        958       1792       3676        680     146412   Grand Totals
     31488        958       1792       1136        680     146412   ELF Image Totals (compressed)
     31488        958       1792       1136          0          0   ROM Totals

==============================================================================

    Total RO  Size (Code + RO Data)                33280 (  32.50kB)
    Total RW  Size (RW Data + ZI Data)              4356 (   4.25kB)
    Total ROM Size (Code + RO Data + RW Data)      34416 (  33.61kB)

==============================================================================

